Archive member included to satisfy reference by file (symbol)

c:/program files (x86)/gnu arm embedded toolchain/10 2021.10/bin/../lib/gcc/arm-none-eabi/10.3.1/../../../../arm-none-eabi/lib/thumb/v7e-m+fp/hard\libc_nano.a(lib_a-ctype_.o)
                              _build/nrf52840_xxaa/nrf_log_str_formatter.c.o (_ctype_)
c:/program files (x86)/gnu arm embedded toolchain/10 2021.10/bin/../lib/gcc/arm-none-eabi/10.3.1/../../../../arm-none-eabi/lib/thumb/v7e-m+fp/hard\libc_nano.a(lib_a-exit.o)
                              c:/program files (x86)/gnu arm embedded toolchain/10 2021.10/bin/../lib/gcc/arm-none-eabi/10.3.1/../../../../arm-none-eabi/lib/thumb/v7e-m+fp/hard/crt0.o (exit)
c:/program files (x86)/gnu arm embedded toolchain/10 2021.10/bin/../lib/gcc/arm-none-eabi/10.3.1/../../../../arm-none-eabi/lib/thumb/v7e-m+fp/hard\libc_nano.a(lib_a-impure.o)
                              c:/program files (x86)/gnu arm embedded toolchain/10 2021.10/bin/../lib/gcc/arm-none-eabi/10.3.1/../../../../arm-none-eabi/lib/thumb/v7e-m+fp/hard\libc_nano.a(lib_a-exit.o) (_global_impure_ptr)
c:/program files (x86)/gnu arm embedded toolchain/10 2021.10/bin/../lib/gcc/arm-none-eabi/10.3.1/../../../../arm-none-eabi/lib/thumb/v7e-m+fp/hard\libc_nano.a(lib_a-init.o)
                              c:/program files (x86)/gnu arm embedded toolchain/10 2021.10/bin/../lib/gcc/arm-none-eabi/10.3.1/../../../../arm-none-eabi/lib/thumb/v7e-m+fp/hard/crt0.o (__libc_init_array)
c:/program files (x86)/gnu arm embedded toolchain/10 2021.10/bin/../lib/gcc/arm-none-eabi/10.3.1/../../../../arm-none-eabi/lib/thumb/v7e-m+fp/hard\libc_nano.a(lib_a-memcmp.o)
                              _build/nrf52840_xxaa/ble_advdata.c.o (memcmp)
c:/program files (x86)/gnu arm embedded toolchain/10 2021.10/bin/../lib/gcc/arm-none-eabi/10.3.1/../../../../arm-none-eabi/lib/thumb/v7e-m+fp/hard\libc_nano.a(lib_a-memcpy-stub.o)
                              _build/nrf52840_xxaa/nrf_log_frontend.c.o (memcpy)
c:/program files (x86)/gnu arm embedded toolchain/10 2021.10/bin/../lib/gcc/arm-none-eabi/10.3.1/../../../../arm-none-eabi/lib/thumb/v7e-m+fp/hard\libc_nano.a(lib_a-memset.o)
                              c:/program files (x86)/gnu arm embedded toolchain/10 2021.10/bin/../lib/gcc/arm-none-eabi/10.3.1/../../../../arm-none-eabi/lib/thumb/v7e-m+fp/hard/crt0.o (memset)
c:/program files (x86)/gnu arm embedded toolchain/10 2021.10/bin/../lib/gcc/arm-none-eabi/10.3.1/../../../../arm-none-eabi/lib/thumb/v7e-m+fp/hard\libc_nano.a(lib_a-strcpy.o)
                              _build/nrf52840_xxaa/SEGGER_RTT.c.o (strcpy)
c:/program files (x86)/gnu arm embedded toolchain/10 2021.10/bin/../lib/gcc/arm-none-eabi/10.3.1/../../../../arm-none-eabi/lib/thumb/v7e-m+fp/hard\libc_nano.a(lib_a-strlen.o)
                              _build/nrf52840_xxaa/nrf_log_frontend.c.o (strlen)
c:/program files (x86)/gnu arm embedded toolchain/10 2021.10/bin/../lib/gcc/arm-none-eabi/10.3.1/../../../../arm-none-eabi/lib/thumb/v7e-m+fp/hard\libnosys.a(_exit.o)
                              c:/program files (x86)/gnu arm embedded toolchain/10 2021.10/bin/../lib/gcc/arm-none-eabi/10.3.1/../../../../arm-none-eabi/lib/thumb/v7e-m+fp/hard\libc_nano.a(lib_a-exit.o) (_exit)
c:/program files (x86)/gnu arm embedded toolchain/10 2021.10/bin/../lib/gcc/arm-none-eabi/10.3.1/thumb/v7e-m+fp/hard\libgcc.a(_aeabi_ldivmod.o)
                              _build/nrf52840_xxaa/bsp.c.o (__aeabi_ldivmod)
c:/program files (x86)/gnu arm embedded toolchain/10 2021.10/bin/../lib/gcc/arm-none-eabi/10.3.1/thumb/v7e-m+fp/hard\libgcc.a(_aeabi_uldivmod.o)
                              _build/nrf52840_xxaa/bsp.c.o (__aeabi_uldivmod)
c:/program files (x86)/gnu arm embedded toolchain/10 2021.10/bin/../lib/gcc/arm-none-eabi/10.3.1/thumb/v7e-m+fp/hard\libgcc.a(_udivmoddi4.o)
                              c:/program files (x86)/gnu arm embedded toolchain/10 2021.10/bin/../lib/gcc/arm-none-eabi/10.3.1/thumb/v7e-m+fp/hard\libgcc.a(_aeabi_ldivmod.o) (__udivmoddi4)
c:/program files (x86)/gnu arm embedded toolchain/10 2021.10/bin/../lib/gcc/arm-none-eabi/10.3.1/thumb/v7e-m+fp/hard\libgcc.a(_dvmd_tls.o)
                              c:/program files (x86)/gnu arm embedded toolchain/10 2021.10/bin/../lib/gcc/arm-none-eabi/10.3.1/thumb/v7e-m+fp/hard\libgcc.a(_aeabi_ldivmod.o) (__aeabi_ldiv0)

Discarded input sections

 .text          0x00000000        0x0 c:/program files (x86)/gnu arm embedded toolchain/10 2021.10/bin/../lib/gcc/arm-none-eabi/10.3.1/thumb/v7e-m+fp/hard/crti.o
 .data          0x00000000        0x0 c:/program files (x86)/gnu arm embedded toolchain/10 2021.10/bin/../lib/gcc/arm-none-eabi/10.3.1/thumb/v7e-m+fp/hard/crti.o
 .bss           0x00000000        0x0 c:/program files (x86)/gnu arm embedded toolchain/10 2021.10/bin/../lib/gcc/arm-none-eabi/10.3.1/thumb/v7e-m+fp/hard/crti.o
[...]
Memory Configuration

Name             Origin             Length             Attributes
FLASH            0x00026000         0x000ce000         xr
RAM              0x20002300         0x0003dd00         xrw
*default*        0x00000000         0xffffffff

Linker script and memory map


.text           0x00026000     0x6324
 *(.isr_vector)
 .isr_vector    0x00026000      0x200 _build/nrf52840_xxaa/gcc_startup_nrf52840.S.o
                0x00026000                __isr_vector
 *(.text*)
 .text          0x00026200       0x40 c:/program files (x86)/gnu arm embedded toolchain/10 2021.10/bin/../lib/gcc/arm-none-eabi/10.3.1/thumb/v7e-m+fp/hard/crtbegin.o
 .text          0x00026240       0x7c c:/program files (x86)/gnu arm embedded toolchain/10 2021.10/bin/../lib/gcc/arm-none-eabi/10.3.1/../../../../arm-none-eabi/lib/thumb/v7e-m+fp/hard/crt0.o
                0x00026240                _stack_init
                0x00026248                _start
                0x00026248                _mainCRTStartup
 .text          0x000262bc       0x3c _build/nrf52840_xxaa/gcc_startup_nrf52840.S.o
                0x000262bc                Reset_Handler
                0x000262e4                NMI_Handler
                0x000262e6                HardFault_Handler
                0x000262e8                MemoryManagement_Handler
                0x000262ea                BusFault_Handler
                0x000262ec                UsageFault_Handler
                0x000262ee                SVC_Handler
                0x000262f0                DebugMon_Handler
                0x000262f2                PendSV_Handler
                0x000262f4                SysTick_Handler
                0x000262f6                PDM_IRQHandler
                0x000262f6                TEMP_IRQHandler
                0x000262f6                QDEC_IRQHandler
                0x000262f6                TIMER3_IRQHandler
                0x000262f6                PWM3_IRQHandler
                0x000262f6                RTC0_IRQHandler
                0x000262f6                USBD_IRQHandler
                0x000262f6                SPIM0_SPIS0_TWIM0_TWIS0_SPI0_TWI0_IRQHandler
                0x000262f6                PWM1_IRQHandler
                0x000262f6                TIMER4_IRQHandler
                0x000262f6                RADIO_IRQHandler
                0x000262f6                I2S_IRQHandler
                0x000262f6                SWI4_EGU4_IRQHandler
                0x000262f6                FPU_IRQHandler
                0x000262f6                TIMER2_IRQHandler
                0x000262f6                UARTE1_IRQHandler
                0x000262f6                TIMER1_IRQHandler
                0x000262f6                SPIM3_IRQHandler
                0x000262f6                PWM2_IRQHandler
                0x000262f6                ECB_IRQHandler
                0x000262f6                SPIM1_SPIS1_TWIM1_TWIS1_SPI1_TWI1_IRQHandler
                0x000262f6                Default_Handler
                0x000262f6                SAADC_IRQHandler
                0x000262f6                CCM_AAR_IRQHandler
                0x000262f6                WDT_IRQHandler
                0x000262f6                CRYPTOCELL_IRQHandler
                0x000262f6                SWI5_EGU5_IRQHandler
                0x000262f6                RNG_IRQHandler
                0x000262f6                RTC2_IRQHandler
                0x000262f6                PWM0_IRQHandler
                0x000262f6                SWI3_EGU3_IRQHandler
                0x000262f6                SWI1_EGU1_IRQHandler
                0x000262f6                SPIM2_SPIS2_SPI2_IRQHandler
                0x000262f6                NFCT_IRQHandler
                0x000262f6                SWI0_EGU0_IRQHandler
                0x000262f6                MWU_IRQHandler
                0x000262f6                TIMER0_IRQHandler
                0x000262f6                QSPI_IRQHandler
                0x000262f6                COMP_LPCOMP_IRQHandler
 .text.nrf_log_backend_serial_put
                0x000262f8       0xd8 _build/nrf52840_xxaa/nrf_log_backend_serial.c.o
                0x000262f8                nrf_log_backend_serial_put
 .text.uart_evt_handler
                0x000263d0        0xc _build/nrf52840_xxaa/nrf_log_backend_uart.c.o
 .text.nrf_log_backend_uart_flush
                0x000263dc        0x4 _build/nrf52840_xxaa/nrf_log_backend_uart.c.o
 .text.nrf_log_backend_uart_put
                0x000263e0       0x20 _build/nrf52840_xxaa/nrf_log_backend_uart.c.o
 .text.serial_tx
                0x00026400       0x50 _build/nrf52840_xxaa/nrf_log_backend_uart.c.o
 .text.nrf_log_backend_uart_panic_set
                0x00026450       0x68 _build/nrf52840_xxaa/nrf_log_backend_uart.c.o
 .text.nrf_log_backend_uart_init
                0x000264b8       0x50 _build/nrf52840_xxaa/nrf_log_backend_uart.c.o
                0x000264b8                nrf_log_backend_uart_init
 .text.nrf_log_default_backends_init
                0x00026508       0x20 _build/nrf52840_xxaa/nrf_log_default_backends.c.o
                0x00026508                nrf_log_default_backends_init
 .text.nrf_log_init
                0x00026528       0x28 _build/nrf52840_xxaa/nrf_log_frontend.c.o
                0x00026528                nrf_log_init
 .text.nrf_log_module_name_get
                0x00026550       0x48 _build/nrf52840_xxaa/nrf_log_frontend.c.o
                0x00026550                nrf_log_module_name_get
 .text.nrf_log_color_id_get
                0x00026598       0x2c _build/nrf52840_xxaa/nrf_log_frontend.c.o
                0x00026598                nrf_log_color_id_get
 .text.log_pending_hook
                0x000265c4        0x4 _build/nrf52840_xxaa/nrf_log_frontend.c.o
                0x000265c4                log_pending_hook
 .text.nrf_log_frontend_dequeue
                0x000265c8      0x260 _build/nrf52840_xxaa/nrf_log_frontend.c.o
                0x000265c8                nrf_log_frontend_dequeue
 .text.nrf_log_frontend_std_2
                0x00026828      0x1c8 _build/nrf52840_xxaa/nrf_log_frontend.c.o
                0x00026828                nrf_log_frontend_std_2
 .text.nrf_log_frontend_std_1
                0x000269f0      0x1bc _build/nrf52840_xxaa/nrf_log_frontend.c.o
                0x000269f0                nrf_log_frontend_std_1
 .text.nrf_log_frontend_std_0
                0x00026bac      0x1ac _build/nrf52840_xxaa/nrf_log_frontend.c.o
                0x00026bac                nrf_log_frontend_std_0
 .text.nrf_log_backend_add
                0x00026d58       0x5c _build/nrf52840_xxaa/nrf_log_frontend.c.o
                0x00026d58                nrf_log_backend_add
 .text.nrf_log_panic
                0x00026db4       0x28 _build/nrf52840_xxaa/nrf_log_frontend.c.o
                0x00026db4                nrf_log_panic
 .text.prefix_process
                0x00026ddc       0x84 _build/nrf52840_xxaa/nrf_log_str_formatter.c.o
 .text.nrf_log_std_entry_process
                0x00026e60       0xec _build/nrf52840_xxaa/nrf_log_str_formatter.c.o
                0x00026e60                nrf_log_std_entry_process
 .text.nrf_log_hexdump_entry_process
                0x00026f4c      0x104 _build/nrf52840_xxaa/nrf_log_str_formatter.c.o
                0x00026f4c                nrf_log_hexdump_entry_process
 .text.gpiote_event_handler
                0x00027050       0x74 _build/nrf52840_xxaa/app_button.c.o
 .text.detection_delay_timeout_handler
                0x000270c4      0x288 _build/nrf52840_xxaa/app_button.c.o
 .text.app_button_init
                0x0002734c       0xb8 _build/nrf52840_xxaa/app_button.c.o
                0x0002734c                app_button_init
 .text.app_button_enable
                0x00027404       0x2c _build/nrf52840_xxaa/app_button.c.o
                0x00027404                app_button_enable
 .text.app_error_handler_bare
                0x00027430       0x20 _build/nrf52840_xxaa/app_error.c.o
                0x00027430                app_error_handler_bare
 .text.app_error_fault_handler
                0x00027450       0x6c _build/nrf52840_xxaa/app_error_weak.c.o
                0x00027450                app_error_fault_handler
 .text.compare_func
                0x000274bc       0x1c _build/nrf52840_xxaa/app_timer2.c.o
 .text.timer_expire.part.0
                0x000274d8       0x88 _build/nrf52840_xxaa/app_timer2.c.o
 .text.rtc_irq  0x00027560      0x2e8 _build/nrf52840_xxaa/app_timer2.c.o
 .text.app_timer_init
                0x00027848       0x6c _build/nrf52840_xxaa/app_timer2.c.o
                0x00027848                app_timer_init
 *fill*         0x000278b4        0x4 
 .text.app_timer_create
                0x000278b8       0x30 _build/nrf52840_xxaa/app_timer2.c.o
                0x000278b8                app_timer_create
 .text.app_timer_start
                0x000278e8       0xb8 _build/nrf52840_xxaa/app_timer2.c.o
                0x000278e8                app_timer_start
 .text.app_timer_stop
                0x000279a0       0x80 _build/nrf52840_xxaa/app_timer2.c.o
                0x000279a0                app_timer_stop
 .text.app_util_critical_region_enter
                0x00027a20       0x4c _build/nrf52840_xxaa/app_util_platform.c.o
                0x00027a20                app_util_critical_region_enter
 .text.app_util_critical_region_exit
                0x00027a6c       0x30 _build/nrf52840_xxaa/app_util_platform.c.o
                0x00027a6c                app_util_critical_region_exit
 .text.drv_rtc_init
                0x00027a9c       0xc8 _build/nrf52840_xxaa/drv_rtc.c.o
                0x00027a9c                drv_rtc_init
 .text.drv_rtc_start
                0x00027b64        0x8 _build/nrf52840_xxaa/drv_rtc.c.o
                0x00027b64                drv_rtc_start
 .text.drv_rtc_stop
                0x00027b6c        0x8 _build/nrf52840_xxaa/drv_rtc.c.o
                0x00027b6c                drv_rtc_stop
 .text.drv_rtc_compare_set
                0x00027b74       0x54 _build/nrf52840_xxaa/drv_rtc.c.o
                0x00027b74                drv_rtc_compare_set
 .text.drv_rtc_windowed_compare_set
                0x00027bc8       0xf8 _build/nrf52840_xxaa/drv_rtc.c.o
                0x00027bc8                drv_rtc_windowed_compare_set
 .text.drv_rtc_overflow_enable
                0x00027cc0       0x14 _build/nrf52840_xxaa/drv_rtc.c.o
                0x00027cc0                drv_rtc_overflow_enable
 .text.drv_rtc_overflow_pending
                0x00027cd4       0x20 _build/nrf52840_xxaa/drv_rtc.c.o
                0x00027cd4                drv_rtc_overflow_pending
 .text.drv_rtc_compare_disable
                0x00027cf4       0x18 _build/nrf52840_xxaa/drv_rtc.c.o
                0x00027cf4                drv_rtc_compare_disable
 .text.drv_rtc_compare_pending
                0x00027d0c       0x20 _build/nrf52840_xxaa/drv_rtc.c.o
                0x00027d0c                drv_rtc_compare_pending
 .text.drv_rtc_counter_get
                0x00027d2c        0x8 _build/nrf52840_xxaa/drv_rtc.c.o
                0x00027d2c                drv_rtc_counter_get
 .text.drv_rtc_irq_trigger
                0x00027d34       0x24 _build/nrf52840_xxaa/drv_rtc.c.o
                0x00027d34                drv_rtc_irq_trigger
 .text.RTC1_IRQHandler
                0x00027d58       0x14 _build/nrf52840_xxaa/drv_rtc.c.o
                0x00027d58                RTC1_IRQHandler
 .text.nrf_atfifo_init
                0x00027d6c       0x30 _build/nrf52840_xxaa/nrf_atfifo.c.o
                0x00027d6c                nrf_atfifo_init
 .text.nrf_atfifo_item_alloc
                0x00027d9c       0x64 _build/nrf52840_xxaa/nrf_atfifo.c.o
                0x00027d9c                nrf_atfifo_item_alloc
 .text.nrf_atfifo_item_put
                0x00027e00       0x20 _build/nrf52840_xxaa/nrf_atfifo.c.o
                0x00027e00                nrf_atfifo_item_put
 .text.nrf_atfifo_item_get
                0x00027e20       0x64 _build/nrf52840_xxaa/nrf_atfifo.c.o
                0x00027e20                nrf_atfifo_item_get
 .text.nrf_atfifo_item_free
                0x00027e84       0x20 _build/nrf52840_xxaa/nrf_atfifo.c.o
                0x00027e84                nrf_atfifo_item_free
 .text.nrf_atomic_u32_fetch_store
                0x00027ea4       0x14 _build/nrf52840_xxaa/nrf_atomic.c.o
                0x00027ea4                nrf_atomic_u32_fetch_store
 .text.nrf_atomic_u32_add
                0x00027eb8       0x18 _build/nrf52840_xxaa/nrf_atomic.c.o
                0x00027eb8                nrf_atomic_u32_add
 .text.nrf_atomic_u32_sub
                0x00027ed0       0x18 _build/nrf52840_xxaa/nrf_atomic.c.o
                0x00027ed0                nrf_atomic_u32_sub
 .text.nrf_atomic_flag_set
                0x00027ee8       0x18 _build/nrf52840_xxaa/nrf_atomic.c.o
                0x00027ee8                nrf_atomic_flag_set
 .text.nrf_atomic_flag_clear_fetch
                0x00027f00       0x18 _build/nrf52840_xxaa/nrf_atomic.c.o
                0x00027f00                nrf_atomic_flag_clear_fetch
 .text.nrf_balloc_init
                0x00027f18       0x3c _build/nrf52840_xxaa/nrf_balloc.c.o
                0x00027f18                nrf_balloc_init
 .text.nrf_balloc_alloc
                0x00027f54       0x50 _build/nrf52840_xxaa/nrf_balloc.c.o
                0x00027f54                nrf_balloc_alloc
 .text.nrf_balloc_free
                0x00027fa4       0x38 _build/nrf52840_xxaa/nrf_balloc.c.o
                0x00027fa4                nrf_balloc_free
 .text.nrf_fprintf_buffer_flush
                0x00027fdc       0x18 _build/nrf52840_xxaa/nrf_fprintf.c.o
                0x00027fdc                nrf_fprintf_buffer_flush
 .text.nrf_fprintf
                0x00027ff4       0x20 _build/nrf52840_xxaa/nrf_fprintf.c.o
                0x00027ff4                nrf_fprintf
 .text.unsigned_print
                0x00028014      0x160 _build/nrf52840_xxaa/nrf_fprintf_format.c.o
 .text.nrf_fprintf_fmt
                0x00028174      0x584 _build/nrf52840_xxaa/nrf_fprintf_format.c.o
                0x00028174                nrf_fprintf_fmt
 .text.nrf_memobj_pool_init
                0x000286f8        0x4 _build/nrf52840_xxaa/nrf_memobj.c.o
                0x000286f8                nrf_memobj_pool_init
 .text.nrf_memobj_alloc
                0x000286fc       0x94 _build/nrf52840_xxaa/nrf_memobj.c.o
                0x000286fc                nrf_memobj_alloc
 .text.nrf_memobj_get
                0x00028790        0x8 _build/nrf52840_xxaa/nrf_memobj.c.o
                0x00028790                nrf_memobj_get
 .text.nrf_memobj_put
                0x00028798       0x58 _build/nrf52840_xxaa/nrf_memobj.c.o
                0x00028798                nrf_memobj_put
 .text.nrf_memobj_write
                0x000287f0       0x68 _build/nrf52840_xxaa/nrf_memobj.c.o
                0x000287f0                nrf_memobj_write
 .text.nrf_memobj_read
                0x00028858       0x68 _build/nrf52840_xxaa/nrf_memobj.c.o
                0x00028858                nrf_memobj_read
 .text.sd_app_evt_wait
                0x000288c0        0x4 _build/nrf52840_xxaa/nrf_pwr_mgmt.c.o
 .text.nrf_pwr_mgmt_init
                0x000288c4       0x2c _build/nrf52840_xxaa/nrf_pwr_mgmt.c.o
                0x000288c4                nrf_pwr_mgmt_init
 .text.nrf_pwr_mgmt_run
                0x000288f0       0x54 _build/nrf52840_xxaa/nrf_pwr_mgmt.c.o
                0x000288f0                nrf_pwr_mgmt_run
 .text.nrf_ringbuf_init
                0x00028944       0x1c _build/nrf52840_xxaa/nrf_ringbuf.c.o
                0x00028944                nrf_ringbuf_init
 .text.nrf_section_iter_init
                0x00028960       0x14 _build/nrf52840_xxaa/nrf_section_iter.c.o
                0x00028960                nrf_section_iter_init
 .text.nrf_section_iter_next
                0x00028974       0x18 _build/nrf52840_xxaa/nrf_section_iter.c.o
                0x00028974                nrf_section_iter_next
 .text.nrf_sortlist_add
                0x0002898c       0x28 _build/nrf52840_xxaa/nrf_sortlist.c.o
                0x0002898c                nrf_sortlist_add
 .text.nrf_sortlist_pop
                0x000289b4        0xc _build/nrf52840_xxaa/nrf_sortlist.c.o
                0x000289b4                nrf_sortlist_pop
 .text.nrf_sortlist_peek
                0x000289c0        0x8 _build/nrf52840_xxaa/nrf_sortlist.c.o
                0x000289c0                nrf_sortlist_peek
 .text.nrf_sortlist_remove
                0x000289c8       0x1c _build/nrf52840_xxaa/nrf_sortlist.c.o
                0x000289c8                nrf_sortlist_remove
 .text.nrf_strerror_get
                0x000289e4       0x4c _build/nrf52840_xxaa/nrf_strerror.c.o
                0x000289e4                nrf_strerror_get
 .text.SystemInit
                0x00028a30      0x25c _build/nrf52840_xxaa/system_nrf52840.c.o
                0x00028a30                SystemInit
 .text.bsp_board_led_state_get
                0x00028c8c       0x28 _build/nrf52840_xxaa/boards.c.o
                0x00028c8c                bsp_board_led_state_get
 .text.bsp_board_led_on
                0x00028cb4       0x24 _build/nrf52840_xxaa/boards.c.o
                0x00028cb4                bsp_board_led_on
 .text.bsp_board_led_off
                0x00028cd8       0x24 _build/nrf52840_xxaa/boards.c.o
                0x00028cd8                bsp_board_led_off
 .text.bsp_board_leds_off
                0x00028cfc       0x14 _build/nrf52840_xxaa/boards.c.o
                0x00028cfc                bsp_board_leds_off
 .text.bsp_board_leds_on
                0x00028d10       0x14 _build/nrf52840_xxaa/boards.c.o
                0x00028d10                bsp_board_leds_on
 .text.bsp_board_led_invert
                0x00028d24       0x34 _build/nrf52840_xxaa/boards.c.o
                0x00028d24                bsp_board_led_invert
 .text.bsp_board_pin_to_button_idx
                0x00028d58        0xc _build/nrf52840_xxaa/boards.c.o
                0x00028d58                bsp_board_pin_to_button_idx
 .text.bsp_board_init
                0x00028d64       0x48 _build/nrf52840_xxaa/boards.c.o
                0x00028d64                bsp_board_init
 .text.clock_irq_handler
                0x00028dac       0x44 _build/nrf52840_xxaa/nrf_drv_clock.c.o
 .text.soc_evt_handler
                0x00028df0       0x28 _build/nrf52840_xxaa/nrf_drv_clock.c.o
 .text.sd_state_evt_handler
                0x00028e18       0xc8 _build/nrf52840_xxaa/nrf_drv_clock.c.o
 .text.uarte_evt_handler
                0x00028ee0       0x34 _build/nrf52840_xxaa/nrf_drv_uart.c.o
 .text.uart_evt_handler
                0x00028f14       0x34 _build/nrf52840_xxaa/nrf_drv_uart.c.o
 .text.nrf_drv_uart_init
                0x00028f48       0x78 _build/nrf52840_xxaa/nrf_drv_uart.c.o
                0x00028f48                nrf_drv_uart_init
 .text.nrfx_clock_init
                0x00028fc0       0x18 _build/nrf52840_xxaa/nrfx_clock.c.o
                0x00028fc0                nrfx_clock_init
 .text.nrfx_clock_enable
                0x00028fd8       0x24 _build/nrf52840_xxaa/nrfx_clock.c.o
                0x00028fd8                nrfx_clock_enable
 .text.nrfx_clock_lfclk_stop
                0x00028ffc       0x2c _build/nrf52840_xxaa/nrfx_clock.c.o
                0x00028ffc                nrfx_clock_lfclk_stop
 .text.POWER_CLOCK_IRQHandler
                0x00029028       0x70 _build/nrf52840_xxaa/nrfx_clock.c.o
                0x00029028                POWER_CLOCK_IRQHandler
 .text.nrfx_gpiote_init
                0x00029098       0xb4 _build/nrf52840_xxaa/nrfx_gpiote.c.o
                0x00029098                nrfx_gpiote_init
 .text.nrfx_gpiote_is_init
                0x0002914c       0x14 _build/nrf52840_xxaa/nrfx_gpiote.c.o
                0x0002914c                nrfx_gpiote_is_init
 .text.nrfx_gpiote_in_init
                0x00029160      0x204 _build/nrf52840_xxaa/nrfx_gpiote.c.o
                0x00029160                nrfx_gpiote_in_init
 .text.nrfx_gpiote_in_event_enable
                0x00029364       0xe0 _build/nrf52840_xxaa/nrfx_gpiote.c.o
                0x00029364                nrfx_gpiote_in_event_enable
 .text.nrfx_gpiote_in_is_set
                0x00029444       0x20 _build/nrf52840_xxaa/nrfx_gpiote.c.o
                0x00029444                nrfx_gpiote_in_is_set
 .text.GPIOTE_IRQHandler
                0x00029464      0x510 _build/nrf52840_xxaa/nrfx_gpiote.c.o
                0x00029464                GPIOTE_IRQHandler
 .text.UARTE0_UART0_IRQHandler
                0x00029974        0xc _build/nrf52840_xxaa/nrfx_prs.c.o
                0x00029974                UARTE0_UART0_IRQHandler
 .text.nrfx_prs_acquire
                0x00029980       0x4c _build/nrf52840_xxaa/nrfx_prs.c.o
                0x00029980                nrfx_prs_acquire
 .text.nrfx_prs_release
                0x000299cc       0x18 _build/nrf52840_xxaa/nrfx_prs.c.o
                0x000299cc                nrfx_prs_release
 *fill*         0x000299e4        0x4 
 .text.nrfx_uart_0_irq_handler
                0x000299e8      0x1d0 _build/nrf52840_xxaa/nrfx_uart.c.o
                0x000299e8                nrfx_uart_0_irq_handler
 .text.nrfx_uart_init
                0x00029bb8      0x1ec _build/nrf52840_xxaa/nrfx_uart.c.o
                0x00029bb8                nrfx_uart_init
 .text.nrfx_uart_uninit
                0x00029da4      0x10c _build/nrf52840_xxaa/nrfx_uart.c.o
                0x00029da4                nrfx_uart_uninit
 .text.nrfx_uart_tx
                0x00029eb0       0xd8 _build/nrf52840_xxaa/nrfx_uart.c.o
                0x00029eb0                nrfx_uart_tx
 .text.nrfx_uarte_0_irq_handler
                0x00029f88      0x178 _build/nrf52840_xxaa/nrfx_uarte.c.o
                0x00029f88                nrfx_uarte_0_irq_handler
 .text.nrfx_uarte_init
                0x0002a100      0x21c _build/nrf52840_xxaa/nrfx_uarte.c.o
                0x0002a100                nrfx_uarte_init
 .text.nrfx_uarte_uninit
                0x0002a31c      0x170 _build/nrf52840_xxaa/nrfx_uarte.c.o
                0x0002a31c                nrfx_uarte_uninit
 .text.nrfx_uarte_tx
                0x0002a48c       0xb0 _build/nrf52840_xxaa/nrfx_uarte.c.o
                0x0002a48c                nrfx_uarte_tx
 .text.alert_timer_handler
                0x0002a53c        0x8 _build/nrf52840_xxaa/bsp.c.o
 .text.bsp_button_event_handler
                0x0002a544       0x84 _build/nrf52840_xxaa/bsp.c.o
 .text.button_timer_handler
                0x0002a5c8       0x28 _build/nrf52840_xxaa/bsp.c.o
 .text.bsp_led_indication
                0x0002a5f0      0x2dc _build/nrf52840_xxaa/bsp.c.o
 .text.leds_timer_handler
                0x0002a8cc       0x1c _build/nrf52840_xxaa/bsp.c.o
 .text.bsp_indication_set
                0x0002a8e8       0x18 _build/nrf52840_xxaa/bsp.c.o
                0x0002a8e8                bsp_indication_set
 .text.bsp_init
                0x0002a900       0xb0 _build/nrf52840_xxaa/bsp.c.o
                0x0002a900                bsp_init
 .text.sd_ble_gap_adv_set_configure
                0x0002a9b0        0x4 _build/nrf52840_xxaa/main.c.o
 .text.sd_ble_gap_adv_start
                0x0002a9b4        0x4 _build/nrf52840_xxaa/main.c.o
 .text.startup.main
                0x0002a9b8      0x14c _build/nrf52840_xxaa/main.c.o
                0x0002a9b8                main
 .text.sd_ble_gap_addr_get
                0x0002ab04        0x4 _build/nrf52840_xxaa/ble_advdata.c.o
 .text.sd_ble_gap_appearance_get
                0x0002ab08        0x4 _build/nrf52840_xxaa/ble_advdata.c.o
 .text.sd_ble_gap_device_name_get
                0x0002ab0c        0x4 _build/nrf52840_xxaa/ble_advdata.c.o
 .text.sd_ble_uuid_encode
                0x0002ab10        0x4 _build/nrf52840_xxaa/ble_advdata.c.o
 .text.uuid_list_sized_encode
                0x0002ab14       0xe4 _build/nrf52840_xxaa/ble_advdata.c.o
 .text.ble_advdata_encode
                0x0002abf8      0x3f0 _build/nrf52840_xxaa/ble_advdata.c.o
                0x0002abf8                ble_advdata_encode
 .text.sd_softdevice_enable
                0x0002afe8        0x4 _build/nrf52840_xxaa/nrf_sdh.c.o
 .text.nrf_sdh_enable_request
                0x0002afec      0x11c _build/nrf52840_xxaa/nrf_sdh.c.o
                0x0002afec                nrf_sdh_enable_request
 .text.nrf_sdh_is_enabled
                0x0002b108        0xc _build/nrf52840_xxaa/nrf_sdh.c.o
                0x0002b108                nrf_sdh_is_enabled
 .text.SWI2_EGU2_IRQHandler
                0x0002b114       0x2c _build/nrf52840_xxaa/nrf_sdh.c.o
                0x0002b114                SWI2_EGU2_IRQHandler
 .text.sd_ble_enable
                0x0002b140        0x4 _build/nrf52840_xxaa/nrf_sdh_ble.c.o
 .text.sd_ble_cfg_set
                0x0002b144        0x4 _build/nrf52840_xxaa/nrf_sdh_ble.c.o
 .text.sd_ble_evt_get
                0x0002b148        0x4 _build/nrf52840_xxaa/nrf_sdh_ble.c.o
 .text.nrf_sdh_ble_evts_poll
                0x0002b14c       0x60 _build/nrf52840_xxaa/nrf_sdh_ble.c.o
 .text.nrf_sdh_ble_default_cfg_set
                0x0002b1ac      0x178 _build/nrf52840_xxaa/nrf_sdh_ble.c.o
                0x0002b1ac                nrf_sdh_ble_default_cfg_set
 .text.nrf_sdh_ble_enable
                0x0002b324       0xa0 _build/nrf52840_xxaa/nrf_sdh_ble.c.o
                0x0002b324                nrf_sdh_ble_enable
 .text.sd_evt_get
                0x0002b3c4        0x4 _build/nrf52840_xxaa/nrf_sdh_soc.c.o
 .text.nrf_sdh_soc_evts_poll
                0x0002b3c8       0x50 _build/nrf52840_xxaa/nrf_sdh_soc.c.o
 .text.exit     0x0002b418       0x28 c:/program files (x86)/gnu arm embedded toolchain/10 2021.10/bin/../lib/gcc/arm-none-eabi/10.3.1/../../../../arm-none-eabi/lib/thumb/v7e-m+fp/hard\libc_nano.a(lib_a-exit.o)
                0x0002b418                exit
 .text.__libc_init_array
                0x0002b440       0x48 c:/program files (x86)/gnu arm embedded toolchain/10 2021.10/bin/../lib/gcc/arm-none-eabi/10.3.1/../../../../arm-none-eabi/lib/thumb/v7e-m+fp/hard\libc_nano.a(lib_a-init.o)
                0x0002b440                __libc_init_array
 .text.memcpy   0x0002b488       0x1c c:/program files (x86)/gnu arm embedded toolchain/10 2021.10/bin/../lib/gcc/arm-none-eabi/10.3.1/../../../../arm-none-eabi/lib/thumb/v7e-m+fp/hard\libc_nano.a(lib_a-memcpy-stub.o)
                0x0002b488                memcpy
 .text.memset   0x0002b4a4       0x10 c:/program files (x86)/gnu arm embedded toolchain/10 2021.10/bin/../lib/gcc/arm-none-eabi/10.3.1/../../../../arm-none-eabi/lib/thumb/v7e-m+fp/hard\libc_nano.a(lib_a-memset.o)
                0x0002b4a4                memset
 .text          0x0002b4b4       0x10 c:/program files (x86)/gnu arm embedded toolchain/10 2021.10/bin/../lib/gcc/arm-none-eabi/10.3.1/../../../../arm-none-eabi/lib/thumb/v7e-m+fp/hard\libc_nano.a(lib_a-strlen.o)
                0x0002b4b4                strlen
 .text._exit    0x0002b4c4        0x4 c:/program files (x86)/gnu arm embedded toolchain/10 2021.10/bin/../lib/gcc/arm-none-eabi/10.3.1/../../../../arm-none-eabi/lib/thumb/v7e-m+fp/hard\libnosys.a(_exit.o)
                0x0002b4c4                _exit
 .text          0x0002b4c8       0x30 c:/program files (x86)/gnu arm embedded toolchain/10 2021.10/bin/../lib/gcc/arm-none-eabi/10.3.1/thumb/v7e-m+fp/hard\libgcc.a(_aeabi_uldivmod.o)
                0x0002b4c8                __aeabi_uldivmod
 .text          0x0002b4f8      0x2d0 c:/program files (x86)/gnu arm embedded toolchain/10 2021.10/bin/../lib/gcc/arm-none-eabi/10.3.1/thumb/v7e-m+fp/hard\libgcc.a(_udivmoddi4.o)
                0x0002b4f8                __udivmoddi4
 .text          0x0002b7c8        0x4 c:/program files (x86)/gnu arm embedded toolchain/10 2021.10/bin/../lib/gcc/arm-none-eabi/10.3.1/thumb/v7e-m+fp/hard\libgcc.a(_dvmd_tls.o)
                0x0002b7c8                __aeabi_idiv0
                0x0002b7c8                __aeabi_ldiv0
 *(.init)
 .init          0x0002b7cc        0x4 c:/program files (x86)/gnu arm embedded toolchain/10 2021.10/bin/../lib/gcc/arm-none-eabi/10.3.1/thumb/v7e-m+fp/hard/crti.o
                0x0002b7cc                _init
 .init          0x0002b7d0        0x8 c:/program files (x86)/gnu arm embedded toolchain/10 2021.10/bin/../lib/gcc/arm-none-eabi/10.3.1/thumb/v7e-m+fp/hard/crtn.o
 *(.fini)
 .fini          0x0002b7d8        0x4 c:/program files (x86)/gnu arm embedded toolchain/10 2021.10/bin/../lib/gcc/arm-none-eabi/10.3.1/thumb/v7e-m+fp/hard/crti.o
                0x0002b7d8                _fini
 .fini          0x0002b7dc        0x8 c:/program files (x86)/gnu arm embedded toolchain/10 2021.10/bin/../lib/gcc/arm-none-eabi/10.3.1/thumb/v7e-m+fp/hard/crtn.o
 *crtbegin.o(.ctors)
 *crtbegin?.o(.ctors)
 *(EXCLUDE_FILE(*crtend.o *crtend?.o) .ctors)
 *(SORT_BY_NAME(.ctors.*))
 *(.ctors)
 *crtbegin.o(.dtors)
 *crtbegin?.o(.dtors)
 *(EXCLUDE_FILE(*crtend.o *crtend?.o) .dtors)
 *(SORT_BY_NAME(.dtors.*))
 *(.dtors)
 *(.rodata*)
 .rodata        0x0002b7e4       0x20 _build/nrf52840_xxaa/nrf_log_backend_uart.c.o
 .rodata.nrf_log_backend_uart_api
                0x0002b804        0xc _build/nrf52840_xxaa/nrf_log_backend_uart.c.o
                0x0002b804                nrf_log_backend_uart_api
 .rodata.str1.4
                0x0002b810       0x11 _build/nrf52840_xxaa/nrf_log_default_backends.c.o
 *fill*         0x0002b821        0x3 
 .rodata.nrf_log_frontend_dequeue.str1.4
                0x0002b824       0x11 _build/nrf52840_xxaa/nrf_log_frontend.c.o
 *fill*         0x0002b835        0x3 
 .rodata.str1.4
                0x0002b838        0x4 _build/nrf52840_xxaa/nrf_log_frontend.c.o
 .rodata.m_log_push_ringbuf
                0x0002b83c        0xc _build/nrf52840_xxaa/nrf_log_frontend.c.o
 .rodata.prefix_process.str1.4
                0x0002b848       0x36 _build/nrf52840_xxaa/nrf_log_str_formatter.c.o
 *fill*         0x0002b87e        0x2 
 .rodata.nrf_log_std_entry_process.str1.4
                0x0002b880        0x3 _build/nrf52840_xxaa/nrf_log_str_formatter.c.o
 *fill*         0x0002b883        0x1 
 .rodata.nrf_log_hexdump_entry_process.str1.4
                0x0002b884       0x13 _build/nrf52840_xxaa/nrf_log_str_formatter.c.o
                                 0x16 (size before relaxing)
 *fill*         0x0002b897        0x1 
 .rodata.str1.4
                0x0002b898       0x56 _build/nrf52840_xxaa/nrf_log_str_formatter.c.o
 *fill*         0x0002b8ee        0x2 
 .rodata.m_colors
                0x0002b8f0       0x24 _build/nrf52840_xxaa/nrf_log_str_formatter.c.o
 .rodata.severity_names
                0x0002b914       0x14 _build/nrf52840_xxaa/nrf_log_str_formatter.c.o
 .rodata.str1.4
                0x0002b928        0xb _build/nrf52840_xxaa/app_button.c.o
 *fill*         0x0002b933        0x1 
 .rodata.m_detection_delay_timer_id
                0x0002b934        0x4 _build/nrf52840_xxaa/app_button.c.o
 .rodata.app_error_fault_handler.str1.4
                0x0002b938       0x19 _build/nrf52840_xxaa/app_error_weak.c.o
 *fill*         0x0002b951        0x3 
 .rodata.str1.4
                0x0002b954        0xa _build/nrf52840_xxaa/app_timer2.c.o
 *fill*         0x0002b95e        0x2 
 .rodata        0x0002b960        0x4 _build/nrf52840_xxaa/app_timer2.c.o
 .rodata.m_app_timer_sortlist
                0x0002b964        0xc _build/nrf52840_xxaa/app_timer2.c.o
 .rodata.drv_rtc_init.str1.4
                0x0002b970       0x36 _build/nrf52840_xxaa/drv_rtc.c.o
 *fill*         0x0002b9a6        0xa 
 .rodata.delay_machine_code.0
                0x0002b9b0        0x6 _build/nrf52840_xxaa/drv_rtc.c.o
 *fill*         0x0002b9b6        0x2 
 .rodata._aV2C.0
                0x0002b9b8       0x10 _build/nrf52840_xxaa/nrf_fprintf_format.c.o
 .rodata.str1.4
                0x0002b9c8        0x9 _build/nrf52840_xxaa/nrf_pwr_mgmt.c.o
 *fill*         0x0002b9d1        0x3 
 .rodata.pwr_mgmt_data
                0x0002b9d4        0xc _build/nrf52840_xxaa/nrf_pwr_mgmt.c.o
 .rodata.str1.4
                0x0002b9e0        0x9 _build/nrf52840_xxaa/nrf_sortlist.c.o
 *fill*         0x0002b9e9        0x3 
 .rodata.str1.4
                0x0002b9ec      0x3e9 _build/nrf52840_xxaa/nrf_strerror.c.o
 *fill*         0x0002bdd5        0x3 
 .rodata.m_unknown_str
                0x0002bdd8       0x13 _build/nrf52840_xxaa/nrf_strerror.c.o
 *fill*         0x0002bdeb        0x1 
 .rodata.nrf_strerror_array
                0x0002bdec      0x128 _build/nrf52840_xxaa/nrf_strerror.c.o
 .rodata.CSWTCH.15
                0x0002bf14        0x6 _build/nrf52840_xxaa/system_nrf52840.c.o
 *fill*         0x0002bf1a        0x2 
 .rodata.CSWTCH.6
                0x0002bf1c        0x6 _build/nrf52840_xxaa/system_nrf52840.c.o
 *fill*         0x0002bf22        0x2 
 .rodata.m_board_led_list
                0x0002bf24        0x2 _build/nrf52840_xxaa/boards.c.o
 *fill*         0x0002bf26        0x2 
 .rodata.str1.4
                0x0002bf28        0x6 _build/nrf52840_xxaa/nrf_drv_clock.c.o
 *fill*         0x0002bf2e        0x2 
 .rodata.str1.4
                0x0002bf30        0x6 _build/nrf52840_xxaa/nrfx_clock.c.o
 *fill*         0x0002bf36        0x2 
 .rodata.str1.4
                0x0002bf38        0x7 _build/nrf52840_xxaa/nrfx_gpiote.c.o
 *fill*         0x0002bf3f        0x1 
 .rodata.str1.4
                0x0002bf40        0x4 _build/nrf52840_xxaa/nrfx_prs.c.o
 .rodata.str1.4
                0x0002bf44        0x5 _build/nrf52840_xxaa/nrfx_uart.c.o
 *fill*         0x0002bf49        0x3 
 .rodata.str1.4
                0x0002bf4c        0x6 _build/nrf52840_xxaa/nrfx_uarte.c.o
 *fill*         0x0002bf52        0x2 
 .rodata.app_buttons
                0x0002bf54        0x8 _build/nrf52840_xxaa/bsp.c.o
 .rodata.m_bsp_alert_tmr
                0x0002bf5c        0x4 _build/nrf52840_xxaa/bsp.c.o
 .rodata.m_bsp_button_tmr
                0x0002bf60        0x4 _build/nrf52840_xxaa/bsp.c.o
 .rodata.m_bsp_leds_tmr
                0x0002bf64        0x4 _build/nrf52840_xxaa/bsp.c.o
 .rodata.main.str1.4
                0x0002bf68       0x18 _build/nrf52840_xxaa/main.c.o
 .rodata.str1.4
                0x0002bf80        0x8 _build/nrf52840_xxaa/nrf_sdh.c.o
 .rodata        0x0002bf88        0x4 _build/nrf52840_xxaa/nrf_sdh.c.o
 .rodata.sdh_req_observers
                0x0002bf8c        0xc _build/nrf52840_xxaa/nrf_sdh.c.o
 .rodata.sdh_stack_observers
                0x0002bf98        0xc _build/nrf52840_xxaa/nrf_sdh.c.o
 .rodata.sdh_state_observers
                0x0002bfa4        0xc _build/nrf52840_xxaa/nrf_sdh.c.o
 .rodata.nrf_sdh_ble_default_cfg_set.str1.4
                0x0002bfb0      0x187 _build/nrf52840_xxaa/nrf_sdh_ble.c.o
 *fill*         0x0002c137        0x1 
 .rodata.nrf_sdh_ble_enable.str1.4
                0x0002c138       0xad _build/nrf52840_xxaa/nrf_sdh_ble.c.o
 *fill*         0x0002c1e5        0x3 
 .rodata.str1.4
                0x0002c1e8        0xc _build/nrf52840_xxaa/nrf_sdh_ble.c.o
 .rodata.sdh_ble_observers
                0x0002c1f4        0xc _build/nrf52840_xxaa/nrf_sdh_ble.c.o
 .rodata.str1.4
                0x0002c200        0xc _build/nrf52840_xxaa/nrf_sdh_soc.c.o
 .rodata.sdh_soc_observers
                0x0002c20c        0xc _build/nrf52840_xxaa/nrf_sdh_soc.c.o
 .rodata._ctype_
                0x0002c218      0x101 c:/program files (x86)/gnu arm embedded toolchain/10 2021.10/bin/../lib/gcc/arm-none-eabi/10.3.1/../../../../arm-none-eabi/lib/thumb/v7e-m+fp/hard\libc_nano.a(lib_a-ctype_.o)
                0x0002c218                _ctype_
 *fill*         0x0002c319        0x3 
 .rodata._global_impure_ptr
                0x0002c31c        0x4 c:/program files (x86)/gnu arm embedded toolchain/10 2021.10/bin/../lib/gcc/arm-none-eabi/10.3.1/../../../../arm-none-eabi/lib/thumb/v7e-m+fp/hard\libc_nano.a(lib_a-impure.o)
                0x0002c31c                _global_impure_ptr
 *(.eh_frame*)
 .eh_frame      0x0002c320        0x0 c:/program files (x86)/gnu arm embedded toolchain/10 2021.10/bin/../lib/gcc/arm-none-eabi/10.3.1/thumb/v7e-m+fp/hard/crtbegin.o
 .eh_frame      0x0002c320        0x4 c:/program files (x86)/gnu arm embedded toolchain/10 2021.10/bin/../lib/gcc/arm-none-eabi/10.3.1/thumb/v7e-m+fp/hard/crtend.o

.glue_7         0x0002c324        0x0
 .glue_7        0x0002c324        0x0 linker stubs

.glue_7t        0x0002c324        0x0
 .glue_7t       0x0002c324        0x0 linker stubs

.vfp11_veneer   0x0002c324        0x0
 .vfp11_veneer  0x0002c324        0x0 linker stubs

.v4_bx          0x0002c324        0x0
 .v4_bx         0x0002c324        0x0 linker stubs

.iplt           0x0002c324        0x0
 .iplt          0x0002c324        0x0 c:/program files (x86)/gnu arm embedded toolchain/10 2021.10/bin/../lib/gcc/arm-none-eabi/10.3.1/thumb/v7e-m+fp/hard/crtbegin.o

.mem_section_dummy_rom

.sdh_soc_observers
                0x0002c324        0x8
                0x0002c324                PROVIDE (__start_sdh_soc_observers = .)
 *(SORT_BY_NAME(.sdh_soc_observers*))
 .sdh_soc_observers0
                0x0002c324        0x8 _build/nrf52840_xxaa/nrf_drv_clock.c.o
                0x0002c32c                PROVIDE (__stop_sdh_soc_observers = .)

.sdh_ble_observers
                0x0002c32c        0x0
                0x0002c32c                PROVIDE (__start_sdh_ble_observers = .)
 *(SORT_BY_NAME(.sdh_ble_observers*))
                0x0002c32c                PROVIDE (__stop_sdh_ble_observers = .)

.pwr_mgmt_data  0x0002c32c        0x0
                0x0002c32c                PROVIDE (__start_pwr_mgmt_data = .)
 *(SORT_BY_NAME(.pwr_mgmt_data*))
                0x0002c32c                PROVIDE (__stop_pwr_mgmt_data = .)

.sdh_req_observers
                0x0002c32c        0x0
                0x0002c32c                PROVIDE (__start_sdh_req_observers = .)
 *(SORT_BY_NAME(.sdh_req_observers*))
                0x0002c32c                PROVIDE (__stop_sdh_req_observers = .)

.sdh_state_observers
                0x0002c32c        0x8
                0x0002c32c                PROVIDE (__start_sdh_state_observers = .)
 *(SORT_BY_NAME(.sdh_state_observers*))
 .sdh_state_observers0
                0x0002c32c        0x8 _build/nrf52840_xxaa/nrf_drv_clock.c.o
                0x0002c334                PROVIDE (__stop_sdh_state_observers = .)

.sdh_stack_observers
                0x0002c334       0x10
                0x0002c334                PROVIDE (__start_sdh_stack_observers = .)
 *(SORT_BY_NAME(.sdh_stack_observers*))
 .sdh_stack_observers0
                0x0002c334        0x8 _build/nrf52840_xxaa/nrf_sdh_ble.c.o
 .sdh_stack_observers0
                0x0002c33c        0x8 _build/nrf52840_xxaa/nrf_sdh_soc.c.o
                0x0002c344                PROVIDE (__stop_sdh_stack_observers = .)

.nrf_queue      0x0002c344        0x0
                [!provide]                PROVIDE (__start_nrf_queue = .)
 *(.nrf_queue)
                [!provide]                PROVIDE (__stop_nrf_queue = .)

.nrf_balloc     0x0002c344       0x14
                [!provide]                PROVIDE (__start_nrf_balloc = .)
 *(.nrf_balloc)
 .nrf_balloc    0x0002c344       0x14 _build/nrf52840_xxaa/nrf_log_frontend.c.o
                0x0002c344                log_mempool
                [!provide]                PROVIDE (__stop_nrf_balloc = .)

.cli_command    0x0002c358        0x0
                [!provide]                PROVIDE (__start_cli_command = .)
 *(.cli_command)
                [!provide]                PROVIDE (__stop_cli_command = .)

.crypto_data    0x0002c358        0x0
                [!provide]                PROVIDE (__start_crypto_data = .)
 *(SORT_BY_NAME(.crypto_data*))
                [!provide]                PROVIDE (__stop_crypto_data = .)

.log_const_data
                0x0002c358       0x70
                0x0002c358                PROVIDE (__start_log_const_data = .)
 *(SORT_BY_NAME(.log_const_data*))
 .log_const_data_CLOCK
                0x0002c358        0x8 _build/nrf52840_xxaa/nrfx_clock.c.o
                0x0002c358                m_nrf_log_CLOCK_logs_data_const
 .log_const_data_GPIOTE
                0x0002c360        0x8 _build/nrf52840_xxaa/nrfx_gpiote.c.o
                0x0002c360                m_nrf_log_GPIOTE_logs_data_const
 .log_const_data_PRS
                0x0002c368        0x8 _build/nrf52840_xxaa/nrfx_prs.c.o
                0x0002c368                m_nrf_log_PRS_logs_data_const
 .log_const_data_UART
                0x0002c370        0x8 _build/nrf52840_xxaa/nrfx_uart.c.o
                0x0002c370                m_nrf_log_UART_logs_data_const
 .log_const_data_UARTE
                0x0002c378        0x8 _build/nrf52840_xxaa/nrfx_uarte.c.o
                0x0002c378                m_nrf_log_UARTE_logs_data_const
 .log_const_data_app
                0x0002c380        0x8 _build/nrf52840_xxaa/nrf_log_frontend.c.o
                0x0002c380                m_nrf_log_app_logs_data_const
 .log_const_data_app_button
                0x0002c388        0x8 _build/nrf52840_xxaa/app_button.c.o
                0x0002c388                m_nrf_log_app_button_logs_data_const
 .log_const_data_app_timer
                0x0002c390        0x8 _build/nrf52840_xxaa/app_timer2.c.o
                0x0002c390                m_nrf_log_app_timer_logs_data_const
 .log_const_data_clock
                0x0002c398        0x8 _build/nrf52840_xxaa/nrf_drv_clock.c.o
                0x0002c398                m_nrf_log_clock_logs_data_const
 .log_const_data_nrf_sdh
                0x0002c3a0        0x8 _build/nrf52840_xxaa/nrf_sdh.c.o
                0x0002c3a0                m_nrf_log_nrf_sdh_logs_data_const
 .log_const_data_nrf_sdh_ble
                0x0002c3a8        0x8 _build/nrf52840_xxaa/nrf_sdh_ble.c.o
                0x0002c3a8                m_nrf_log_nrf_sdh_ble_logs_data_const
 .log_const_data_nrf_sdh_soc
                0x0002c3b0        0x8 _build/nrf52840_xxaa/nrf_sdh_soc.c.o
                0x0002c3b0                m_nrf_log_nrf_sdh_soc_logs_data_const
 .log_const_data_pwr_mgmt
                0x0002c3b8        0x8 _build/nrf52840_xxaa/nrf_pwr_mgmt.c.o
                0x0002c3b8                m_nrf_log_pwr_mgmt_logs_data_const
 .log_const_data_sortlist
                0x0002c3c0        0x8 _build/nrf52840_xxaa/nrf_sortlist.c.o
                0x0002c3c0                m_nrf_log_sortlist_logs_data_const
                0x0002c3c8                PROVIDE (__stop_log_const_data = .)

.log_backends   0x0002c3c8       0x10
                [!provide]                PROVIDE (__start_log_backends = .)
 *(SORT_BY_NAME(.log_backends*))
 .log_backends  0x0002c3c8       0x10 _build/nrf52840_xxaa/nrf_log_default_backends.c.o
                [!provide]                PROVIDE (__stop_log_backends = .)

.ARM.extab
 *(.ARM.extab* .gnu.linkonce.armextab.*)
                0x0002c3d8                __exidx_start = .

.ARM.exidx      0x0002c3d8        0x8
 *(.ARM.exidx* .gnu.linkonce.armexidx.*)
 .ARM.exidx     0x0002c3d8        0x8 c:/program files (x86)/gnu arm embedded toolchain/10 2021.10/bin/../lib/gcc/arm-none-eabi/10.3.1/../../../../arm-none-eabi/lib/thumb/v7e-m+fp/hard/crt0.o
                                 0x10 (size before relaxing)
 .ARM.exidx     0x0002c3e0        0x0 c:/program files (x86)/gnu arm embedded toolchain/10 2021.10/bin/../lib/gcc/arm-none-eabi/10.3.1/thumb/v7e-m+fp/hard\libgcc.a(_udivmoddi4.o)
                                  0x8 (size before relaxing)
                0x0002c3e0                __exidx_end = .

.rel.dyn        0x0002c3e0        0x0
 .rel.iplt      0x0002c3e0        0x0 c:/program files (x86)/gnu arm embedded toolchain/10 2021.10/bin/../lib/gcc/arm-none-eabi/10.3.1/thumb/v7e-m+fp/hard/crtbegin.o
                0x0002c3e0                . = ALIGN (0x4)
                0x0002c3e0                __etext = .

.data           0x20002300      0x144 load address 0x0002c3e0
                0x20002300                __data_start__ = .
 *(vtable)
 *(.data*)
 .data.m_uart   0x20002300       0x14 _build/nrf52840_xxaa/nrf_log_backend_uart.c.o
                0x20002300                m_uart
 .data.log_backend_cb_uart_log_backend
                0x20002314        0x8 _build/nrf52840_xxaa/nrf_log_default_backends.c.o
 *fill*         0x2000231c        0x4 
 .data.m_detection_delay_timer_id_data
                0x20002320       0x20 _build/nrf52840_xxaa/app_button.c.o
 .data.m_rtc_inst
                0x20002340        0x8 _build/nrf52840_xxaa/app_timer2.c.o
 .data.SystemCoreClock
                0x20002348        0x4 _build/nrf52840_xxaa/system_nrf52840.c.o
                0x20002348                SystemCoreClock
 *fill*         0x2000234c        0x4 
 .data.m_bsp_alert_tmr_data
                0x20002350       0x20 _build/nrf52840_xxaa/bsp.c.o
 .data.m_bsp_button_tmr_data
                0x20002370       0x20 _build/nrf52840_xxaa/bsp.c.o
 .data.m_bsp_leds_tmr_data
                0x20002390       0x20 _build/nrf52840_xxaa/bsp.c.o
 .data.m_adv_data
                0x200023b0       0x10 _build/nrf52840_xxaa/main.c.o
 .data.m_adv_handle
                0x200023c0        0x1 _build/nrf52840_xxaa/main.c.o
 *fill*         0x200023c1        0x3 
 .data.m_beacon_info
                0x200023c4       0x17 _build/nrf52840_xxaa/main.c.o
 *fill*         0x200023db        0x1 
 .data.impure_data
                0x200023dc       0x60 c:/program files (x86)/gnu arm embedded toolchain/10 2021.10/bin/../lib/gcc/arm-none-eabi/10.3.1/../../../../arm-none-eabi/lib/thumb/v7e-m+fp/hard\libc_nano.a(lib_a-impure.o)
                0x2000243c                . = ALIGN (0x4)
                0x2000243c                PROVIDE (__preinit_array_start = .)
 *(.preinit_array)
                0x2000243c                PROVIDE (__preinit_array_end = .)
                0x2000243c                . = ALIGN (0x4)
                0x2000243c                PROVIDE (__init_array_start = .)
 *(SORT_BY_NAME(.init_array.*))
 *(.init_array)
 .init_array    0x2000243c        0x4 c:/program files (x86)/gnu arm embedded toolchain/10 2021.10/bin/../lib/gcc/arm-none-eabi/10.3.1/thumb/v7e-m+fp/hard/crtbegin.o
                0x20002440                PROVIDE (__init_array_end = .)
                0x20002440                . = ALIGN (0x4)
                [!provide]                PROVIDE (__fini_array_start = .)
 *(SORT_BY_NAME(.fini_array.*))
 *(.fini_array)
 .fini_array    0x20002440        0x4 c:/program files (x86)/gnu arm embedded toolchain/10 2021.10/bin/../lib/gcc/arm-none-eabi/10.3.1/thumb/v7e-m+fp/hard/crtbegin.o
                [!provide]                PROVIDE (__fini_array_end = .)
 *(.jcr*)
                0x20002444                . = ALIGN (0x4)
                0x20002444                __data_end__ = .
LOAD c:/program files (x86)/gnu arm embedded toolchain/10 2021.10/bin/../lib/gcc/arm-none-eabi/10.3.1/thumb/v7e-m+fp/hard/crti.o
LOAD c:/program files (x86)/gnu arm embedded toolchain/10 2021.10/bin/../lib/gcc/arm-none-eabi/10.3.1/thumb/v7e-m+fp/hard/crtbegin.o
LOAD c:/program files (x86)/gnu arm embedded toolchain/10 2021.10/bin/../lib/gcc/arm-none-eabi/10.3.1/../../../../arm-none-eabi/lib/thumb/v7e-m+fp/hard/crt0.o
LOAD _build/nrf52840_xxaa/gcc_startup_nrf52840.S.o
LOAD _build/nrf52840_xxaa/nrf_log_backend_rtt.c.o
LOAD _build/nrf52840_xxaa/nrf_log_backend_serial.c.o
LOAD _build/nrf52840_xxaa/nrf_log_backend_uart.c.o
LOAD _build/nrf52840_xxaa/nrf_log_default_backends.c.o
LOAD _build/nrf52840_xxaa/nrf_log_frontend.c.o
LOAD _build/nrf52840_xxaa/nrf_log_str_formatter.c.o
LOAD _build/nrf52840_xxaa/app_button.c.o
LOAD _build/nrf52840_xxaa/app_error.c.o
LOAD _build/nrf52840_xxaa/app_error_handler_gcc.c.o
LOAD _build/nrf52840_xxaa/app_error_weak.c.o
LOAD _build/nrf52840_xxaa/app_scheduler.c.o
LOAD _build/nrf52840_xxaa/app_timer2.c.o
LOAD _build/nrf52840_xxaa/app_util_platform.c.o
LOAD _build/nrf52840_xxaa/drv_rtc.c.o
LOAD _build/nrf52840_xxaa/hardfault_implementation.c.o
LOAD _build/nrf52840_xxaa/nrf_assert.c.o
LOAD _build/nrf52840_xxaa/nrf_atfifo.c.o
LOAD _build/nrf52840_xxaa/nrf_atomic.c.o
LOAD _build/nrf52840_xxaa/nrf_balloc.c.o
LOAD _build/nrf52840_xxaa/nrf_fprintf.c.o
LOAD _build/nrf52840_xxaa/nrf_fprintf_format.c.o
LOAD _build/nrf52840_xxaa/nrf_memobj.c.o
LOAD _build/nrf52840_xxaa/nrf_pwr_mgmt.c.o
LOAD _build/nrf52840_xxaa/nrf_ringbuf.c.o
LOAD _build/nrf52840_xxaa/nrf_section_iter.c.o
LOAD _build/nrf52840_xxaa/nrf_sortlist.c.o
LOAD _build/nrf52840_xxaa/nrf_strerror.c.o
LOAD _build/nrf52840_xxaa/system_nrf52840.c.o
LOAD _build/nrf52840_xxaa/boards.c.o
LOAD _build/nrf52840_xxaa/nrf_drv_clock.c.o
LOAD _build/nrf52840_xxaa/nrf_drv_uart.c.o
LOAD _build/nrf52840_xxaa/nrfx_atomic.c.o
LOAD _build/nrf52840_xxaa/nrfx_clock.c.o
LOAD _build/nrf52840_xxaa/nrfx_gpiote.c.o
LOAD _build/nrf52840_xxaa/nrfx_prs.c.o
LOAD _build/nrf52840_xxaa/nrfx_uart.c.o
LOAD _build/nrf52840_xxaa/nrfx_uarte.c.o
LOAD _build/nrf52840_xxaa/bsp.c.o
LOAD _build/nrf52840_xxaa/main.c.o
LOAD _build/nrf52840_xxaa/SEGGER_RTT.c.o
LOAD _build/nrf52840_xxaa/SEGGER_RTT_Syscalls_GCC.c.o
LOAD _build/nrf52840_xxaa/SEGGER_RTT_printf.c.o
LOAD _build/nrf52840_xxaa/ble_advdata.c.o
LOAD _build/nrf52840_xxaa/ble_srv_common.c.o
LOAD _build/nrf52840_xxaa/utf.c.o
LOAD _build/nrf52840_xxaa/nrf_sdh.c.o
LOAD _build/nrf52840_xxaa/nrf_sdh_ble.c.o
LOAD _build/nrf52840_xxaa/nrf_sdh_soc.c.o
LOAD c:/program files (x86)/gnu arm embedded toolchain/10 2021.10/bin/../lib/gcc/arm-none-eabi/10.3.1/../../../../arm-none-eabi/lib/thumb/v7e-m+fp/hard\libc_nano.a
LOAD c:/program files (x86)/gnu arm embedded toolchain/10 2021.10/bin/../lib/gcc/arm-none-eabi/10.3.1/../../../../arm-none-eabi/lib/thumb/v7e-m+fp/hard\libnosys.a
LOAD c:/program files (x86)/gnu arm embedded toolchain/10 2021.10/bin/../lib/gcc/arm-none-eabi/10.3.1/../../../../arm-none-eabi/lib/thumb/v7e-m+fp/hard\libm.a
START GROUP
LOAD c:/program files (x86)/gnu arm embedded toolchain/10 2021.10/bin/../lib/gcc/arm-none-eabi/10.3.1/thumb/v7e-m+fp/hard\libgcc.a
LOAD c:/program files (x86)/gnu arm embedded toolchain/10 2021.10/bin/../lib/gcc/arm-none-eabi/10.3.1/../../../../arm-none-eabi/lib/thumb/v7e-m+fp/hard\libg_nano.a
LOAD c:/program files (x86)/gnu arm embedded toolchain/10 2021.10/bin/../lib/gcc/arm-none-eabi/10.3.1/../../../../arm-none-eabi/lib/thumb/v7e-m+fp/hard\libc_nano.a
END GROUP
START GROUP
LOAD c:/program files (x86)/gnu arm embedded toolchain/10 2021.10/bin/../lib/gcc/arm-none-eabi/10.3.1/thumb/v7e-m+fp/hard\libgcc.a
LOAD c:/program files (x86)/gnu arm embedded toolchain/10 2021.10/bin/../lib/gcc/arm-none-eabi/10.3.1/../../../../arm-none-eabi/lib/thumb/v7e-m+fp/hard\libc_nano.a
END GROUP
LOAD c:/program files (x86)/gnu arm embedded toolchain/10 2021.10/bin/../lib/gcc/arm-none-eabi/10.3.1/thumb/v7e-m+fp/hard/crtend.o
LOAD c:/program files (x86)/gnu arm embedded toolchain/10 2021.10/bin/../lib/gcc/arm-none-eabi/10.3.1/thumb/v7e-m+fp/hard/crtn.o
START GROUP
LOAD c:/program files (x86)/gnu arm embedded toolchain/10 2021.10/bin/../lib/gcc/arm-none-eabi/10.3.1/thumb/v7e-m+fp/hard\libgcc.a
LOAD c:/program files (x86)/gnu arm embedded toolchain/10 2021.10/bin/../lib/gcc/arm-none-eabi/10.3.1/../../../../arm-none-eabi/lib/thumb/v7e-m+fp/hard\libc.a
LOAD c:/program files (x86)/gnu arm embedded toolchain/10 2021.10/bin/../lib/gcc/arm-none-eabi/10.3.1/../../../../arm-none-eabi/lib/thumb/v7e-m+fp/hard\libnosys.a
END GROUP

.igot.plt       0x20002444        0x0 load address 0x0002c524
 .igot.plt      0x20002444        0x0 c:/program files (x86)/gnu arm embedded toolchain/10 2021.10/bin/../lib/gcc/arm-none-eabi/10.3.1/thumb/v7e-m+fp/hard/crtbegin.o
                0x20002444                . = ALIGN (0x4)

.mem_section_dummy_ram

.cli_sorted_cmd_ptrs
                0x20002444        0x0
                [!provide]                PROVIDE (__start_cli_sorted_cmd_ptrs = .)
 *(.cli_sorted_cmd_ptrs)
                [!provide]                PROVIDE (__stop_cli_sorted_cmd_ptrs = .)

.fs_data        0x20002444        0x0
                [!provide]                PROVIDE (__start_fs_data = .)
 *(.fs_data)
                [!provide]                PROVIDE (__stop_fs_data = .)

.log_dynamic_data
                0x20002444        0x0
                0x20002444                PROVIDE (__start_log_dynamic_data = .)
 *(SORT_BY_NAME(.log_dynamic_data*))
                [!provide]                PROVIDE (__stop_log_dynamic_data = .)

.log_filter_data
                0x20002444        0x0
                [!provide]                PROVIDE (__start_log_filter_data = .)
 *(SORT_BY_NAME(.log_filter_data*))
                [!provide]                PROVIDE (__stop_log_filter_data = .)

.bss            0x20002448      0x82c load address 0x0002c528
                0x20002448                . = ALIGN (0x4)
                0x20002448                __bss_start__ = .
 *(.bss*)
 .bss           0x20002448       0x1c c:/program files (x86)/gnu arm embedded toolchain/10 2021.10/bin/../lib/gcc/arm-none-eabi/10.3.1/thumb/v7e-m+fp/hard/crtbegin.o
 .bss.m_async_mode
                0x20002464        0x1 _build/nrf52840_xxaa/nrf_log_backend_uart.c.o
 *fill*         0x20002465        0x3 
 .bss.m_string_buff
                0x20002468       0x40 _build/nrf52840_xxaa/nrf_log_backend_uart.c.o
 .bss.m_xfer_done
                0x200024a8        0x1 _build/nrf52840_xxaa/nrf_log_backend_uart.c.o
 *fill*         0x200024a9        0x3 
 .bss.log_mempool_nrf_balloc_cb
                0x200024ac        0x8 _build/nrf52840_xxaa/nrf_log_frontend.c.o
 .bss.log_mempool_nrf_balloc_pool_mem
                0x200024b4       0xc0 _build/nrf52840_xxaa/nrf_log_frontend.c.o
 .bss.log_mempool_nrf_balloc_pool_stack
                0x20002574        0x8 _build/nrf52840_xxaa/nrf_log_frontend.c.o
 .bss.m_log_data
                0x2000257c      0x420 _build/nrf52840_xxaa/nrf_log_frontend.c.o
 .bss.m_log_push_ringbuf_buf
                0x2000299c       0x80 _build/nrf52840_xxaa/nrf_log_frontend.c.o
 .bss.m_log_push_ringbuf_cb
                0x20002a1c       0x18 _build/nrf52840_xxaa/nrf_log_frontend.c.o
 .bss.m_button_count
                0x20002a34        0x1 _build/nrf52840_xxaa/app_button.c.o
 *fill*         0x20002a35        0x3 
 .bss.m_detection_delay
                0x20002a38        0x4 _build/nrf52840_xxaa/app_button.c.o
 *fill*         0x20002a3c        0x4 
 .bss.m_pin_active
                0x20002a40        0x8 _build/nrf52840_xxaa/app_button.c.o
 .bss.m_pin_states
                0x20002a48       0x20 _build/nrf52840_xxaa/app_button.c.o
 .bss.mp_buttons
                0x20002a68        0x4 _build/nrf52840_xxaa/app_button.c.o
 .bss.m_app_timer_sortlist_sortlist_cb
                0x20002a6c        0x4 _build/nrf52840_xxaa/app_timer2.c.o
 .bss.m_base_counter
                0x20002a70        0x8 _build/nrf52840_xxaa/app_timer2.c.o
 .bss.m_global_active
                0x20002a78        0x1 _build/nrf52840_xxaa/app_timer2.c.o
 *fill*         0x20002a79        0x3 
 .bss.m_req_fifo_data
                0x20002a7c       0x58 _build/nrf52840_xxaa/app_timer2.c.o
 .bss.m_req_fifo_inst
                0x20002ad4       0x10 _build/nrf52840_xxaa/app_timer2.c.o
 *fill*         0x20002ae4        0x4 
 .bss.m_stamp64
                0x20002ae8        0x8 _build/nrf52840_xxaa/app_timer2.c.o
 .bss.mp_active_timer
                0x20002af0        0x4 _build/nrf52840_xxaa/app_timer2.c.o
 .bss.nrf_nvic_state
                0x20002af4        0xc _build/nrf52840_xxaa/app_util_platform.c.o
                0x20002af4                nrf_nvic_state
 .bss.m_cb      0x20002b00        0x8 _build/nrf52840_xxaa/drv_rtc.c.o
 .bss.m_handlers
                0x20002b08        0x4 _build/nrf52840_xxaa/drv_rtc.c.o
 .bss.m_handlers_iter
                0x20002b0c        0x8 _build/nrf52840_xxaa/nrf_pwr_mgmt.c.o
 .bss.m_shutdown_started
                0x20002b14        0x1 _build/nrf52840_xxaa/nrf_pwr_mgmt.c.o
 *fill*         0x20002b15        0x3 
 .bss.m_sysoff_mtx
                0x20002b18        0x4 _build/nrf52840_xxaa/nrf_pwr_mgmt.c.o
 .bss.m_clock_cb
                0x20002b1c       0x14 _build/nrf52840_xxaa/nrf_drv_clock.c.o
 .bss.m_contexts
                0x20002b30        0x8 _build/nrf52840_xxaa/nrf_drv_uart.c.o
 .bss.m_handlers
                0x20002b38        0x8 _build/nrf52840_xxaa/nrf_drv_uart.c.o
 .bss.nrf_drv_uart_use_easy_dma
                0x20002b40        0x2 _build/nrf52840_xxaa/nrf_drv_uart.c.o
                0x20002b40                nrf_drv_uart_use_easy_dma
 *fill*         0x20002b42        0x2 
 .bss.m_clock_cb
                0x20002b44        0x8 _build/nrf52840_xxaa/nrfx_clock.c.o
 *fill*         0x20002b4c        0x4 
 .bss.m_cb      0x20002b50       0x6c _build/nrf52840_xxaa/nrfx_gpiote.c.o
 .bss.m_prs_box_4
                0x20002bbc        0x8 _build/nrf52840_xxaa/nrfx_prs.c.o
 *fill*         0x20002bc4        0x4 
 .bss.m_cb      0x20002bc8       0x2c _build/nrf52840_xxaa/nrfx_uart.c.o
 *fill*         0x20002bf4        0x4 
 .bss.m_cb      0x20002bf8       0x24 _build/nrf52840_xxaa/nrfx_uarte.c.o
 .bss.current_long_push_pin_no.1
                0x20002c1c        0x1 _build/nrf52840_xxaa/bsp.c.o
 .bss.m_alert_on
                0x20002c1d        0x1 _build/nrf52840_xxaa/bsp.c.o
 *fill*         0x20002c1e        0x2 
 .bss.m_events_list
                0x20002c20        0x3 _build/nrf52840_xxaa/bsp.c.o
 *fill*         0x20002c23        0x1 
 .bss.m_indication_type
                0x20002c24        0x4 _build/nrf52840_xxaa/bsp.c.o
 .bss.m_leds_clear
                0x20002c28        0x1 _build/nrf52840_xxaa/bsp.c.o
 *fill*         0x20002c29        0x3 
 .bss.m_registered_callback
                0x20002c2c        0x4 _build/nrf52840_xxaa/bsp.c.o
 .bss.m_stable_state
                0x20002c30        0x1 _build/nrf52840_xxaa/bsp.c.o
 *fill*         0x20002c31        0x3 
 .bss.release_event_at_push.0
                0x20002c34        0x1 _build/nrf52840_xxaa/bsp.c.o
 *fill*         0x20002c35        0x3 
 .bss.m_adv_params
                0x20002c38       0x18 _build/nrf52840_xxaa/main.c.o
 .bss.m_enc_advdata
                0x20002c50       0x1f _build/nrf52840_xxaa/main.c.o
 .bss.m_nrf_sdh_continue
                0x20002c6f        0x1 _build/nrf52840_xxaa/nrf_sdh.c.o
 .bss.m_nrf_sdh_enabled
                0x20002c70        0x1 _build/nrf52840_xxaa/nrf_sdh.c.o
 .bss.m_nrf_sdh_suspended
                0x20002c71        0x1 _build/nrf52840_xxaa/nrf_sdh.c.o
 .bss.m_stack_is_enabled
                0x20002c72        0x1 _build/nrf52840_xxaa/nrf_sdh_ble.c.o
 *(COMMON)
                0x20002c74                . = ALIGN (0x4)
 *fill*         0x20002c73        0x1 
                0x20002c74                __bss_end__ = .

.heap           0x20002c78     0x4000
                0x20002c78                __HeapBase = .
                0x20002c78                __end__ = .
                [!provide]                PROVIDE (end = .)
 *(.heap*)
 .heap          0x20002c78     0x4000 _build/nrf52840_xxaa/gcc_startup_nrf52840.S.o
                0x20006c78                __HeapLimit = .

.stack_dummy    0x20002c78     0x4000
 *(.stack*)
 .stack         0x20002c78     0x4000 _build/nrf52840_xxaa/gcc_startup_nrf52840.S.o
                0x20040000                __StackTop = (ORIGIN (RAM) + LENGTH (RAM))
                0x2003c000                __StackLimit = (__StackTop - SIZEOF (.stack_dummy))
                0x20040000                PROVIDE (__stack = __StackTop)
                0x00000001                ASSERT ((__StackLimit >= __HeapLimit), region RAM overflowed with stack)
                0x00000148                DataInitFlashUsed = (__bss_start__ - __data_start__)
                0x000063e0                CodeFlashUsed = (__etext - ORIGIN (FLASH))
                0x00006528                TotalFlashUsed = (CodeFlashUsed + DataInitFlashUsed)
                0x00000001                ASSERT ((TotalFlashUsed <= LENGTH (FLASH)), region FLASH overflowed with .data and user data)
OUTPUT(_build/nrf52840_xxaa.out elf32-littlearm)
LOAD linker stubs

.ARM.attributes
                0x00000000       0x30
 .ARM.attributes
                0x00000000       0x1e c:/program files (x86)/gnu arm embedded toolchain/10 2021.10/bin/../lib/gcc/arm-none-eabi/10.3.1/thumb/v7e-m+fp/hard/crti.o
 .ARM.attributes
                0x0000001e       0x34 c:/program files (x86)/gnu arm embedded toolchain/10 2021.10/bin/../lib/gcc/arm-none-eabi/10.3.1/thumb/v7e-m+fp/hard/crtbegin.o
 .ARM.attributes
                0x00000052       0x1c c:/program files (x86)/gnu arm embedded toolchain/10 2021.10/bin/../lib/gcc/arm-none-eabi/10.3.1/../../../../arm-none-eabi/lib/thumb/v7e-m+fp/hard/crt0.o
 .ARM.attributes
                0x0000006e       0x20 _build/nrf52840_xxaa/gcc_startup_nrf52840.S.o
 .ARM.attributes
                0x0000008e       0x34 _build/nrf52840_xxaa/nrf_log_backend_serial.c.o
 .ARM.attributes
                0x000000c2       0x34 _build/nrf52840_xxaa/nrf_log_backend_uart.c.o
 .ARM.attributes
                0x000000f6       0x34 _build/nrf52840_xxaa/nrf_log_default_backends.c.o
 .ARM.attributes
                0x0000012a       0x34 _build/nrf52840_xxaa/nrf_log_frontend.c.o
 .ARM.attributes
                0x0000015e       0x34 _build/nrf52840_xxaa/nrf_log_str_formatter.c.o
 .ARM.attributes
                0x00000192       0x34 _build/nrf52840_xxaa/app_button.c.o
 .ARM.attributes
                0x000001c6       0x34 _build/nrf52840_xxaa/app_error.c.o
 .ARM.attributes
                0x000001fa       0x34 _build/nrf52840_xxaa/app_error_weak.c.o
 .ARM.attributes
                0x0000022e       0x34 _build/nrf52840_xxaa/app_timer2.c.o
 .ARM.attributes
                0x00000262       0x34 _build/nrf52840_xxaa/app_util_platform.c.o
 .ARM.attributes
                0x00000296       0x34 _build/nrf52840_xxaa/drv_rtc.c.o
 .ARM.attributes
                0x000002ca       0x34 _build/nrf52840_xxaa/nrf_atfifo.c.o
 .ARM.attributes
                0x000002fe       0x34 _build/nrf52840_xxaa/nrf_atomic.c.o
 .ARM.attributes
                0x00000332       0x34 _build/nrf52840_xxaa/nrf_balloc.c.o
 .ARM.attributes
                0x00000366       0x34 _build/nrf52840_xxaa/nrf_fprintf.c.o
 .ARM.attributes
                0x0000039a       0x34 _build/nrf52840_xxaa/nrf_fprintf_format.c.o
 .ARM.attributes
                0x000003ce       0x34 _build/nrf52840_xxaa/nrf_memobj.c.o
 .ARM.attributes
                0x00000402       0x34 _build/nrf52840_xxaa/nrf_pwr_mgmt.c.o
 .ARM.attributes
                0x00000436       0x34 _build/nrf52840_xxaa/nrf_ringbuf.c.o
 .ARM.attributes
                0x0000046a       0x34 _build/nrf52840_xxaa/nrf_section_iter.c.o
 .ARM.attributes
                0x0000049e       0x34 _build/nrf52840_xxaa/nrf_sortlist.c.o
 .ARM.attributes
                0x000004d2       0x34 _build/nrf52840_xxaa/nrf_strerror.c.o
 .ARM.attributes
                0x00000506       0x34 _build/nrf52840_xxaa/system_nrf52840.c.o
 .ARM.attributes
                0x0000053a       0x34 _build/nrf52840_xxaa/boards.c.o
 .ARM.attributes
                0x0000056e       0x34 _build/nrf52840_xxaa/nrf_drv_clock.c.o
 .ARM.attributes
                0x000005a2       0x34 _build/nrf52840_xxaa/nrf_drv_uart.c.o
 .ARM.attributes
                0x000005d6       0x34 _build/nrf52840_xxaa/nrfx_clock.c.o
 .ARM.attributes
                0x0000060a       0x34 _build/nrf52840_xxaa/nrfx_gpiote.c.o
 .ARM.attributes
                0x0000063e       0x34 _build/nrf52840_xxaa/nrfx_prs.c.o
 .ARM.attributes
                0x00000672       0x34 _build/nrf52840_xxaa/nrfx_uart.c.o
 .ARM.attributes
                0x000006a6       0x34 _build/nrf52840_xxaa/nrfx_uarte.c.o
 .ARM.attributes
                0x000006da       0x34 _build/nrf52840_xxaa/bsp.c.o
 .ARM.attributes
                0x0000070e       0x34 _build/nrf52840_xxaa/main.c.o
 .ARM.attributes
                0x00000742       0x34 _build/nrf52840_xxaa/ble_advdata.c.o
 .ARM.attributes
                0x00000776       0x34 _build/nrf52840_xxaa/nrf_sdh.c.o
 .ARM.attributes
                0x000007aa       0x34 _build/nrf52840_xxaa/nrf_sdh_ble.c.o
 .ARM.attributes
                0x000007de       0x34 _build/nrf52840_xxaa/nrf_sdh_soc.c.o
 .ARM.attributes
                0x00000812       0x34 c:/program files (x86)/gnu arm embedded toolchain/10 2021.10/bin/../lib/gcc/arm-none-eabi/10.3.1/../../../../arm-none-eabi/lib/thumb/v7e-m+fp/hard\libc_nano.a(lib_a-ctype_.o)
 .ARM.attributes
                0x00000846       0x34 c:/program files (x86)/gnu arm embedded toolchain/10 2021.10/bin/../lib/gcc/arm-none-eabi/10.3.1/../../../../arm-none-eabi/lib/thumb/v7e-m+fp/hard\libc_nano.a(lib_a-exit.o)
 .ARM.attributes
                0x0000087a       0x34 c:/program files (x86)/gnu arm embedded toolchain/10 2021.10/bin/../lib/gcc/arm-none-eabi/10.3.1/../../../../arm-none-eabi/lib/thumb/v7e-m+fp/hard\libc_nano.a(lib_a-impure.o)
 .ARM.attributes
                0x000008ae       0x34 c:/program files (x86)/gnu arm embedded toolchain/10 2021.10/bin/../lib/gcc/arm-none-eabi/10.3.1/../../../../arm-none-eabi/lib/thumb/v7e-m+fp/hard\libc_nano.a(lib_a-init.o)
 .ARM.attributes
                0x000008e2       0x34 c:/program files (x86)/gnu arm embedded toolchain/10 2021.10/bin/../lib/gcc/arm-none-eabi/10.3.1/../../../../arm-none-eabi/lib/thumb/v7e-m+fp/hard\libc_nano.a(lib_a-memcpy-stub.o)
 .ARM.attributes
                0x00000916       0x34 c:/program files (x86)/gnu arm embedded toolchain/10 2021.10/bin/../lib/gcc/arm-none-eabi/10.3.1/../../../../arm-none-eabi/lib/thumb/v7e-m+fp/hard\libc_nano.a(lib_a-memset.o)
 .ARM.attributes
                0x0000094a       0x17 c:/program files (x86)/gnu arm embedded toolchain/10 2021.10/bin/../lib/gcc/arm-none-eabi/10.3.1/../../../../arm-none-eabi/lib/thumb/v7e-m+fp/hard\libc_nano.a(lib_a-strlen.o)
 .ARM.attributes
                0x00000961       0x34 c:/program files (x86)/gnu arm embedded toolchain/10 2021.10/bin/../lib/gcc/arm-none-eabi/10.3.1/../../../../arm-none-eabi/lib/thumb/v7e-m+fp/hard\libnosys.a(_exit.o)
 .ARM.attributes
                0x00000995       0x1e c:/program files (x86)/gnu arm embedded toolchain/10 2021.10/bin/../lib/gcc/arm-none-eabi/10.3.1/thumb/v7e-m+fp/hard\libgcc.a(_aeabi_uldivmod.o)
 .ARM.attributes
                0x000009b3       0x34 c:/program files (x86)/gnu arm embedded toolchain/10 2021.10/bin/../lib/gcc/arm-none-eabi/10.3.1/thumb/v7e-m+fp/hard\libgcc.a(_udivmoddi4.o)
 .ARM.attributes
                0x000009e7       0x1e c:/program files (x86)/gnu arm embedded toolchain/10 2021.10/bin/../lib/gcc/arm-none-eabi/10.3.1/thumb/v7e-m+fp/hard\libgcc.a(_dvmd_tls.o)
 .ARM.attributes
                0x00000a05       0x34 c:/program files (x86)/gnu arm embedded toolchain/10 2021.10/bin/../lib/gcc/arm-none-eabi/10.3.1/thumb/v7e-m+fp/hard/crtend.o
 .ARM.attributes
                0x00000a39       0x1e c:/program files (x86)/gnu arm embedded toolchain/10 2021.10/bin/../lib/gcc/arm-none-eabi/10.3.1/thumb/v7e-m+fp/hard/crtn.o

.comment        0x00000000       0x49
 .comment       0x00000000       0x49 _build/nrf52840_xxaa/nrf_log_backend_serial.c.o
                                 0x4a (size before relaxing)
 .comment       0x00000049       0x4a _build/nrf52840_xxaa/nrf_log_backend_uart.c.o
 .comment       0x00000049       0x4a _build/nrf52840_xxaa/nrf_log_default_backends.c.o
 .comment       0x00000049       0x4a _build/nrf52840_xxaa/nrf_log_frontend.c.o
 .comment       0x00000049       0x4a _build/nrf52840_xxaa/nrf_log_str_formatter.c.o
 .comment       0x00000049       0x4a _build/nrf52840_xxaa/app_button.c.o
 .comment       0x00000049       0x4a _build/nrf52840_xxaa/app_error.c.o
 .comment       0x00000049       0x4a _build/nrf52840_xxaa/app_error_weak.c.o
 .comment       0x00000049       0x4a _build/nrf52840_xxaa/app_timer2.c.o
 .comment       0x00000049       0x4a _build/nrf52840_xxaa/app_util_platform.c.o
 .comment       0x00000049       0x4a _build/nrf52840_xxaa/drv_rtc.c.o
 .comment       0x00000049       0x4a _build/nrf52840_xxaa/nrf_atfifo.c.o
 .comment       0x00000049       0x4a _build/nrf52840_xxaa/nrf_atomic.c.o
 .comment       0x00000049       0x4a _build/nrf52840_xxaa/nrf_balloc.c.o
 .comment       0x00000049       0x4a _build/nrf52840_xxaa/nrf_fprintf.c.o
 .comment       0x00000049       0x4a _build/nrf52840_xxaa/nrf_fprintf_format.c.o
 .comment       0x00000049       0x4a _build/nrf52840_xxaa/nrf_memobj.c.o
 .comment       0x00000049       0x4a _build/nrf52840_xxaa/nrf_pwr_mgmt.c.o
 .comment       0x00000049       0x4a _build/nrf52840_xxaa/nrf_ringbuf.c.o
 .comment       0x00000049       0x4a _build/nrf52840_xxaa/nrf_section_iter.c.o
 .comment       0x00000049       0x4a _build/nrf52840_xxaa/nrf_sortlist.c.o
 .comment       0x00000049       0x4a _build/nrf52840_xxaa/nrf_strerror.c.o
 .comment       0x00000049       0x4a _build/nrf52840_xxaa/system_nrf52840.c.o
 .comment       0x00000049       0x4a _build/nrf52840_xxaa/boards.c.o
 .comment       0x00000049       0x4a _build/nrf52840_xxaa/nrf_drv_clock.c.o
 .comment       0x00000049       0x4a _build/nrf52840_xxaa/nrf_drv_uart.c.o
 .comment       0x00000049       0x4a _build/nrf52840_xxaa/nrfx_clock.c.o
 .comment       0x00000049       0x4a _build/nrf52840_xxaa/nrfx_gpiote.c.o
 .comment       0x00000049       0x4a _build/nrf52840_xxaa/nrfx_prs.c.o
 .comment       0x00000049       0x4a _build/nrf52840_xxaa/nrfx_uart.c.o
 .comment       0x00000049       0x4a _build/nrf52840_xxaa/nrfx_uarte.c.o
 .comment       0x00000049       0x4a _build/nrf52840_xxaa/bsp.c.o
 .comment       0x00000049       0x4a _build/nrf52840_xxaa/main.c.o
 .comment       0x00000049       0x4a _build/nrf52840_xxaa/ble_advdata.c.o
 .comment       0x00000049       0x4a _build/nrf52840_xxaa/nrf_sdh.c.o
 .comment       0x00000049       0x4a _build/nrf52840_xxaa/nrf_sdh_ble.c.o
 .comment       0x00000049       0x4a _build/nrf52840_xxaa/nrf_sdh_soc.c.o

.debug_line     0x00000000    0x230ad
 .debug_line    0x00000000       0x89 _build/nrf52840_xxaa/gcc_startup_nrf52840.S.o
 .debug_line    0x00000089      0x936 _build/nrf52840_xxaa/nrf_log_backend_serial.c.o
 .debug_line    0x000009bf      0xc69 _build/nrf52840_xxaa/nrf_log_backend_uart.c.o
 .debug_line    0x00001628      0x827 _build/nrf52840_xxaa/nrf_log_default_backends.c.o
 .debug_line    0x00001e4f     0x2bbe _build/nrf52840_xxaa/nrf_log_frontend.c.o
 .debug_line    0x00004a0d      0xa8c _build/nrf52840_xxaa/nrf_log_str_formatter.c.o
 .debug_line    0x00005499     0x1376 _build/nrf52840_xxaa/app_button.c.o
 .debug_line    0x0000680f      0x5d8 _build/nrf52840_xxaa/app_error.c.o
 .debug_line    0x00006de7      0x92b _build/nrf52840_xxaa/app_error_weak.c.o
 .debug_line    0x00007712     0x1329 _build/nrf52840_xxaa/app_timer2.c.o
 .debug_line    0x00008a3b      0x81c _build/nrf52840_xxaa/app_util_platform.c.o
 .debug_line    0x00009257     0x1587 _build/nrf52840_xxaa/drv_rtc.c.o
 .debug_line    0x0000a7de      0xaf4 _build/nrf52840_xxaa/nrf_atfifo.c.o
 .debug_line    0x0000b2d2      0x930 _build/nrf52840_xxaa/nrf_atomic.c.o
 .debug_line    0x0000bc02      0x970 _build/nrf52840_xxaa/nrf_balloc.c.o
 .debug_line    0x0000c572      0x5fe _build/nrf52840_xxaa/nrf_fprintf.c.o
 .debug_line    0x0000cb70     0x105a _build/nrf52840_xxaa/nrf_fprintf_format.c.o
 .debug_line    0x0000dbca      0xc23 _build/nrf52840_xxaa/nrf_memobj.c.o
 .debug_line    0x0000e7ed      0xf21 _build/nrf52840_xxaa/nrf_pwr_mgmt.c.o
 .debug_line    0x0000f70e      0xa86 _build/nrf52840_xxaa/nrf_ringbuf.c.o
 .debug_line    0x00010194      0x614 _build/nrf52840_xxaa/nrf_section_iter.c.o
 .debug_line    0x000107a8      0x802 _build/nrf52840_xxaa/nrf_sortlist.c.o
 .debug_line    0x00010faa      0x650 _build/nrf52840_xxaa/nrf_strerror.c.o
 .debug_line    0x000115fa      0x92e _build/nrf52840_xxaa/system_nrf52840.c.o
 .debug_line    0x00011f28      0xe2f _build/nrf52840_xxaa/boards.c.o
 .debug_line    0x00012d57     0x12d7 _build/nrf52840_xxaa/nrf_drv_clock.c.o
 .debug_line    0x0001402e      0x8ee _build/nrf52840_xxaa/nrf_drv_uart.c.o
 .debug_line    0x0001491c     0x10f4 _build/nrf52840_xxaa/nrfx_clock.c.o
 .debug_line    0x00015a10     0x3208 _build/nrf52840_xxaa/nrfx_gpiote.c.o
 .debug_line    0x00018c18      0x9fd _build/nrf52840_xxaa/nrfx_prs.c.o
 .debug_line    0x00019615     0x1fc3 _build/nrf52840_xxaa/nrfx_uart.c.o
 .debug_line    0x0001b5d8     0x1f1e _build/nrf52840_xxaa/nrfx_uarte.c.o
 .debug_line    0x0001d4f6     0x1257 _build/nrf52840_xxaa/bsp.c.o
 .debug_line    0x0001e74d      0xf04 _build/nrf52840_xxaa/main.c.o
 .debug_line    0x0001f651     0x14d6 _build/nrf52840_xxaa/ble_advdata.c.o
 .debug_line    0x00020b27     0x111e _build/nrf52840_xxaa/nrf_sdh.c.o
 .debug_line    0x00021c45      0xbf8 _build/nrf52840_xxaa/nrf_sdh_ble.c.o
 .debug_line    0x0002283d      0x870 _build/nrf52840_xxaa/nrf_sdh_soc.c.o

.debug_info     0x00000000    0x2c849
 .debug_info    0x00000000       0x26 _build/nrf52840_xxaa/gcc_startup_nrf52840.S.o
 .debug_info    0x00000026      0x7cf _build/nrf52840_xxaa/nrf_log_backend_serial.c.o
 .debug_info    0x000007f5     0x11ee _build/nrf52840_xxaa/nrf_log_backend_uart.c.o
 .debug_info    0x000019e3      0x303 _build/nrf52840_xxaa/nrf_log_default_backends.c.o
 .debug_info    0x00001ce6     0x3b50 _build/nrf52840_xxaa/nrf_log_frontend.c.o
 .debug_info    0x00005836      0x865 _build/nrf52840_xxaa/nrf_log_str_formatter.c.o
 .debug_info    0x0000609b     0x1354 _build/nrf52840_xxaa/app_button.c.o
 .debug_info    0x000073ef      0x2c3 _build/nrf52840_xxaa/app_error.c.o
 .debug_info    0x000076b2      0x4b9 _build/nrf52840_xxaa/app_error_weak.c.o
 .debug_info    0x00007b6b     0x19d6 _build/nrf52840_xxaa/app_timer2.c.o
 .debug_info    0x00009541      0xa68 _build/nrf52840_xxaa/app_util_platform.c.o
 .debug_info    0x00009fa9     0x21ca _build/nrf52840_xxaa/drv_rtc.c.o
 .debug_info    0x0000c173      0xb5d _build/nrf52840_xxaa/nrf_atfifo.c.o
 .debug_info    0x0000ccd0      0xae3 _build/nrf52840_xxaa/nrf_atomic.c.o
 .debug_info    0x0000d7b3      0x3e8 _build/nrf52840_xxaa/nrf_balloc.c.o
 .debug_info    0x0000db9b      0x24b _build/nrf52840_xxaa/nrf_fprintf.c.o
 .debug_info    0x0000dde6      0xc73 _build/nrf52840_xxaa/nrf_fprintf_format.c.o
 .debug_info    0x0000ea59      0xb78 _build/nrf52840_xxaa/nrf_memobj.c.o
 .debug_info    0x0000f5d1     0x1325 _build/nrf52840_xxaa/nrf_pwr_mgmt.c.o
 .debug_info    0x000108f6      0x638 _build/nrf52840_xxaa/nrf_ringbuf.c.o
 .debug_info    0x00010f2e      0x1aa _build/nrf52840_xxaa/nrf_section_iter.c.o
 .debug_info    0x000110d8      0x3c3 _build/nrf52840_xxaa/nrf_sortlist.c.o
 .debug_info    0x0001149b      0x280 _build/nrf52840_xxaa/nrf_strerror.c.o
 .debug_info    0x0001171b     0x18dc _build/nrf52840_xxaa/system_nrf52840.c.o
 .debug_info    0x00012ff7      0xf22 _build/nrf52840_xxaa/boards.c.o
 .debug_info    0x00013f19     0x192d _build/nrf52840_xxaa/nrf_drv_clock.c.o
 .debug_info    0x00015846     0x11eb _build/nrf52840_xxaa/nrf_drv_uart.c.o
 .debug_info    0x00016a31     0x14a9 _build/nrf52840_xxaa/nrfx_clock.c.o
 .debug_info    0x00017eda     0x3d19 _build/nrf52840_xxaa/nrfx_gpiote.c.o
 .debug_info    0x0001bbf3      0x806 _build/nrf52840_xxaa/nrfx_prs.c.o
 .debug_info    0x0001c3f9     0x394c _build/nrf52840_xxaa/nrfx_uart.c.o
 .debug_info    0x0001fd45     0x38b7 _build/nrf52840_xxaa/nrfx_uarte.c.o
 .debug_info    0x000235fc     0x15eb _build/nrf52840_xxaa/bsp.c.o
 .debug_info    0x00024be7     0x1100 _build/nrf52840_xxaa/main.c.o
 .debug_info    0x00025ce7     0x206e _build/nrf52840_xxaa/ble_advdata.c.o
 .debug_info    0x00027d55     0x1867 _build/nrf52840_xxaa/nrf_sdh.c.o
 .debug_info    0x000295bc     0x2c92 _build/nrf52840_xxaa/nrf_sdh_ble.c.o
 .debug_info    0x0002c24e      0x5fb _build/nrf52840_xxaa/nrf_sdh_soc.c.o

.debug_abbrev   0x00000000     0x733f
 .debug_abbrev  0x00000000       0x14 _build/nrf52840_xxaa/gcc_startup_nrf52840.S.o
 .debug_abbrev  0x00000014      0x202 _build/nrf52840_xxaa/nrf_log_backend_serial.c.o
 .debug_abbrev  0x00000216      0x38d _build/nrf52840_xxaa/nrf_log_backend_uart.c.o
 .debug_abbrev  0x000005a3      0x190 _build/nrf52840_xxaa/nrf_log_default_backends.c.o
 .debug_abbrev  0x00000733      0x5d2 _build/nrf52840_xxaa/nrf_log_frontend.c.o
 .debug_abbrev  0x00000d05      0x21a _build/nrf52840_xxaa/nrf_log_str_formatter.c.o
 .debug_abbrev  0x00000f1f      0x35d _build/nrf52840_xxaa/app_button.c.o
 .debug_abbrev  0x0000127c      0x13b _build/nrf52840_xxaa/app_error.c.o
 .debug_abbrev  0x000013b7      0x218 _build/nrf52840_xxaa/app_error_weak.c.o
 .debug_abbrev  0x000015cf      0x504 _build/nrf52840_xxaa/app_timer2.c.o
 .debug_abbrev  0x00001ad3      0x2f8 _build/nrf52840_xxaa/app_util_platform.c.o
 .debug_abbrev  0x00001dcb      0x524 _build/nrf52840_xxaa/drv_rtc.c.o
 .debug_abbrev  0x000022ef      0x287 _build/nrf52840_xxaa/nrf_atfifo.c.o
 .debug_abbrev  0x00002576      0x205 _build/nrf52840_xxaa/nrf_atomic.c.o
 .debug_abbrev  0x0000277b      0x201 _build/nrf52840_xxaa/nrf_balloc.c.o
 .debug_abbrev  0x0000297c      0x143 _build/nrf52840_xxaa/nrf_fprintf.c.o
 .debug_abbrev  0x00002abf      0x2d2 _build/nrf52840_xxaa/nrf_fprintf_format.c.o
 .debug_abbrev  0x00002d91      0x285 _build/nrf52840_xxaa/nrf_memobj.c.o
 .debug_abbrev  0x00003016      0x462 _build/nrf52840_xxaa/nrf_pwr_mgmt.c.o
 .debug_abbrev  0x00003478      0x166 _build/nrf52840_xxaa/nrf_ringbuf.c.o
 .debug_abbrev  0x000035de       0xba _build/nrf52840_xxaa/nrf_section_iter.c.o
 .debug_abbrev  0x00003698      0x167 _build/nrf52840_xxaa/nrf_sortlist.c.o
 .debug_abbrev  0x000037ff      0x15b _build/nrf52840_xxaa/nrf_strerror.c.o
 .debug_abbrev  0x0000395a      0x321 _build/nrf52840_xxaa/system_nrf52840.c.o
 .debug_abbrev  0x00003c7b      0x345 _build/nrf52840_xxaa/boards.c.o
 .debug_abbrev  0x00003fc0      0x521 _build/nrf52840_xxaa/nrf_drv_clock.c.o
 .debug_abbrev  0x000044e1      0x22a _build/nrf52840_xxaa/nrf_drv_uart.c.o
 .debug_abbrev  0x0000470b      0x489 _build/nrf52840_xxaa/nrfx_clock.c.o
 .debug_abbrev  0x00004b94      0x4f4 _build/nrf52840_xxaa/nrfx_gpiote.c.o
 .debug_abbrev  0x00005088      0x282 _build/nrf52840_xxaa/nrfx_prs.c.o
 .debug_abbrev  0x0000530a      0x4f2 _build/nrf52840_xxaa/nrfx_uart.c.o
 .debug_abbrev  0x000057fc      0x4b5 _build/nrf52840_xxaa/nrfx_uarte.c.o
 .debug_abbrev  0x00005cb1      0x48c _build/nrf52840_xxaa/bsp.c.o
 .debug_abbrev  0x0000613d      0x2ff _build/nrf52840_xxaa/main.c.o
 .debug_abbrev  0x0000643c      0x3cd _build/nrf52840_xxaa/ble_advdata.c.o
 .debug_abbrev  0x00006809      0x4d1 _build/nrf52840_xxaa/nrf_sdh.c.o
 .debug_abbrev  0x00006cda      0x465 _build/nrf52840_xxaa/nrf_sdh_ble.c.o
 .debug_abbrev  0x0000713f      0x200 _build/nrf52840_xxaa/nrf_sdh_soc.c.o

.debug_aranges  0x00000000      0xcc8
 .debug_aranges
                0x00000000       0x20 _build/nrf52840_xxaa/gcc_startup_nrf52840.S.o
 .debug_aranges
                0x00000020       0x20 _build/nrf52840_xxaa/nrf_log_backend_serial.c.o
 .debug_aranges
                0x00000040       0x48 _build/nrf52840_xxaa/nrf_log_backend_uart.c.o
 .debug_aranges
                0x00000088       0x20 _build/nrf52840_xxaa/nrf_log_default_backends.c.o
 .debug_aranges
                0x000000a8       0xc0 _build/nrf52840_xxaa/nrf_log_frontend.c.o
 .debug_aranges
                0x00000168       0x38 _build/nrf52840_xxaa/nrf_log_str_formatter.c.o
 .debug_aranges
                0x000001a0       0x50 _build/nrf52840_xxaa/app_button.c.o
 .debug_aranges
                0x000001f0       0x28 _build/nrf52840_xxaa/app_error.c.o
 .debug_aranges
                0x00000218       0x20 _build/nrf52840_xxaa/app_error_weak.c.o
 .debug_aranges
                0x00000238       0x78 _build/nrf52840_xxaa/app_timer2.c.o
 .debug_aranges
                0x000002b0       0x48 _build/nrf52840_xxaa/app_util_platform.c.o
 .debug_aranges
                0x000002f8       0xb0 _build/nrf52840_xxaa/drv_rtc.c.o
 .debug_aranges
                0x000003a8       0x58 _build/nrf52840_xxaa/nrf_atfifo.c.o
 .debug_aranges
                0x00000400       0xb0 _build/nrf52840_xxaa/nrf_atomic.c.o
 .debug_aranges
                0x000004b0       0x30 _build/nrf52840_xxaa/nrf_balloc.c.o
 .debug_aranges
                0x000004e0       0x28 _build/nrf52840_xxaa/nrf_fprintf.c.o
 .debug_aranges
                0x00000508       0x28 _build/nrf52840_xxaa/nrf_fprintf_format.c.o
 .debug_aranges
                0x00000530       0x50 _build/nrf52840_xxaa/nrf_memobj.c.o
 .debug_aranges
                0x00000580       0x48 _build/nrf52840_xxaa/nrf_pwr_mgmt.c.o
 .debug_aranges
                0x000005c8       0x50 _build/nrf52840_xxaa/nrf_ringbuf.c.o
 .debug_aranges
                0x00000618       0x28 _build/nrf52840_xxaa/nrf_section_iter.c.o
 .debug_aranges
                0x00000640       0x40 _build/nrf52840_xxaa/nrf_sortlist.c.o
 .debug_aranges
                0x00000680       0x28 _build/nrf52840_xxaa/nrf_strerror.c.o
 .debug_aranges
                0x000006a8       0x38 _build/nrf52840_xxaa/system_nrf52840.c.o
 .debug_aranges
                0x000006e0       0x78 _build/nrf52840_xxaa/boards.c.o
 .debug_aranges
                0x00000758       0xa8 _build/nrf52840_xxaa/nrf_drv_clock.c.o
 .debug_aranges
                0x00000800       0x30 _build/nrf52840_xxaa/nrf_drv_uart.c.o
 .debug_aranges
                0x00000830       0x78 _build/nrf52840_xxaa/nrfx_clock.c.o
 .debug_aranges
                0x000008a8       0xf8 _build/nrf52840_xxaa/nrfx_gpiote.c.o
 .debug_aranges
                0x000009a0       0x30 _build/nrf52840_xxaa/nrfx_prs.c.o
 .debug_aranges
                0x000009d0       0x78 _build/nrf52840_xxaa/nrfx_uart.c.o
 .debug_aranges
                0x00000a48       0x68 _build/nrf52840_xxaa/nrfx_uarte.c.o
 .debug_aranges
                0x00000ab0       0x80 _build/nrf52840_xxaa/bsp.c.o
 .debug_aranges
                0x00000b30       0x38 _build/nrf52840_xxaa/main.c.o
 .debug_aranges
                0x00000b68       0x78 _build/nrf52840_xxaa/ble_advdata.c.o
 .debug_aranges
                0x00000be0       0x70 _build/nrf52840_xxaa/nrf_sdh.c.o
 .debug_aranges
                0x00000c50       0x50 _build/nrf52840_xxaa/nrf_sdh_ble.c.o
 .debug_aranges
                0x00000ca0       0x28 _build/nrf52840_xxaa/nrf_sdh_soc.c.o

.debug_str      0x00000000    0xb57c3
 .debug_str     0x00000000       0xa8 _build/nrf52840_xxaa/gcc_startup_nrf52840.S.o
 .debug_str     0x000000a8    0x8c896 _build/nrf52840_xxaa/nrf_log_backend_serial.c.o
                              0x8eff5 (size before relaxing)
 .debug_str     0x0008c93e     0x86ae _build/nrf52840_xxaa/nrf_log_backend_uart.c.o
                              0x970d8 (size before relaxing)
 .debug_str     0x00094fec      0x126 _build/nrf52840_xxaa/nrf_log_default_backends.c.o
                              0x8ed97 (size before relaxing)
 .debug_str     0x00095112     0x14a7 _build/nrf52840_xxaa/nrf_log_frontend.c.o
                              0x903b0 (size before relaxing)
 .debug_str     0x000965b9      0x6a6 _build/nrf52840_xxaa/nrf_log_str_formatter.c.o
                              0x8f47a (size before relaxing)
 .debug_str     0x00096c5f     0x1ab3 _build/nrf52840_xxaa/app_button.c.o
                              0x96ffb (size before relaxing)
 .debug_str     0x00098712      0x121 _build/nrf52840_xxaa/app_error.c.o
                              0x79e77 (size before relaxing)
 .debug_str     0x00098833      0xa3b _build/nrf52840_xxaa/app_error_weak.c.o
                              0x8fdd4 (size before relaxing)
 .debug_str     0x0009926e     0x115a _build/nrf52840_xxaa/app_timer2.c.o
                              0x96d6f (size before relaxing)
 .debug_str     0x0009a3c8      0x2b4 _build/nrf52840_xxaa/app_util_platform.c.o
                              0x7b2c4 (size before relaxing)
 .debug_str     0x0009a67c      0x784 _build/nrf52840_xxaa/drv_rtc.c.o
                              0x96658 (size before relaxing)
 .debug_str     0x0009ae00      0x15c _build/nrf52840_xxaa/nrf_atfifo.c.o
                              0x8cd8d (size before relaxing)
 .debug_str     0x0009af5c      0x6b9 _build/nrf52840_xxaa/nrf_atomic.c.o
                              0x8a644 (size before relaxing)
 .debug_str     0x0009b615      0x12f _build/nrf52840_xxaa/nrf_balloc.c.o
                              0x8ed97 (size before relaxing)
 .debug_str     0x0009b744      0x144 _build/nrf52840_xxaa/nrf_fprintf.c.o
                              0x8a289 (size before relaxing)
 .debug_str     0x0009b888      0x511 _build/nrf52840_xxaa/nrf_fprintf_format.c.o
                              0x8a798 (size before relaxing)
 .debug_str     0x0009bd99      0x1a5 _build/nrf52840_xxaa/nrf_memobj.c.o
                              0x8d125 (size before relaxing)
 .debug_str     0x0009bf3e     0x1782 _build/nrf52840_xxaa/nrf_pwr_mgmt.c.o
                              0x98468 (size before relaxing)
 .debug_str     0x0009d6c0       0xdc _build/nrf52840_xxaa/nrf_ringbuf.c.o
                              0x8b9fc (size before relaxing)
 .debug_str     0x0009d79c       0x54 _build/nrf52840_xxaa/nrf_section_iter.c.o
                              0x8a458 (size before relaxing)
 .debug_str     0x0009d7f0       0xa0 _build/nrf52840_xxaa/nrf_sortlist.c.o
                              0x8ca68 (size before relaxing)
 .debug_str     0x0009d890       0xed _build/nrf52840_xxaa/nrf_strerror.c.o
                              0x8a009 (size before relaxing)
 .debug_str     0x0009d97d     0x839d _build/nrf52840_xxaa/system_nrf52840.c.o
                              0x7ea6c (size before relaxing)
 .debug_str     0x000a5d1a     0x1596 _build/nrf52840_xxaa/boards.c.o
                              0x93d75 (size before relaxing)
 .debug_str     0x000a72b0      0xf10 _build/nrf52840_xxaa/nrf_drv_clock.c.o
                              0x972c0 (size before relaxing)
 .debug_str     0x000a81c0      0x45c _build/nrf52840_xxaa/nrf_drv_uart.c.o
                              0x93b21 (size before relaxing)
 .debug_str     0x000a861c      0x77d _build/nrf52840_xxaa/nrfx_clock.c.o
                              0x96564 (size before relaxing)
 .debug_str     0x000a8d99      0xdaf _build/nrf52840_xxaa/nrfx_gpiote.c.o
                              0x9792b (size before relaxing)
 .debug_str     0x000a9b48      0x31d _build/nrf52840_xxaa/nrfx_prs.c.o
                              0x95c92 (size before relaxing)
 .debug_str     0x000a9e65      0x686 _build/nrf52840_xxaa/nrfx_uart.c.o
                              0x96e9c (size before relaxing)
 .debug_str     0x000aa4eb      0x948 _build/nrf52840_xxaa/nrfx_uarte.c.o
                              0x9732f (size before relaxing)
 .debug_str     0x000aae33      0xff0 _build/nrf52840_xxaa/bsp.c.o
                              0x95a3a (size before relaxing)
 .debug_str     0x000abe23     0x6480 _build/nrf52840_xxaa/main.c.o
                              0x9f29a (size before relaxing)
 .debug_str     0x000b22a3     0x1842 _build/nrf52840_xxaa/ble_advdata.c.o
                              0x91518 (size before relaxing)
 .debug_str     0x000b3ae5      0x4d0 _build/nrf52840_xxaa/nrf_sdh.c.o
                              0x8f91a (size before relaxing)
 .debug_str     0x000b3fb5     0x16b2 _build/nrf52840_xxaa/nrf_sdh_ble.c.o
                              0x9497d (size before relaxing)
 .debug_str     0x000b5667      0x15c _build/nrf52840_xxaa/nrf_sdh_soc.c.o
                              0x8e8f4 (size before relaxing)

.debug_loc      0x00000000    0x18550
 .debug_loc     0x00000000      0x1b3 _build/nrf52840_xxaa/nrf_log_backend_serial.c.o
 .debug_loc     0x000001b3      0x334 _build/nrf52840_xxaa/nrf_log_backend_uart.c.o
 .debug_loc     0x000004e7       0x31 _build/nrf52840_xxaa/nrf_log_default_backends.c.o
 .debug_loc     0x00000518     0x4910 _build/nrf52840_xxaa/nrf_log_frontend.c.o
 .debug_loc     0x00004e28      0x45d _build/nrf52840_xxaa/nrf_log_str_formatter.c.o
 .debug_loc     0x00005285      0xe6f _build/nrf52840_xxaa/app_button.c.o
 .debug_loc     0x000060f4       0xc8 _build/nrf52840_xxaa/app_error.c.o
 .debug_loc     0x000061bc       0x6f _build/nrf52840_xxaa/app_error_weak.c.o
 .debug_loc     0x0000622b      0xa33 _build/nrf52840_xxaa/app_timer2.c.o
 .debug_loc     0x00006c5e      0x1e9 _build/nrf52840_xxaa/app_util_platform.c.o
 .debug_loc     0x00006e47     0x1406 _build/nrf52840_xxaa/drv_rtc.c.o
 .debug_loc     0x0000824d      0x716 _build/nrf52840_xxaa/nrf_atfifo.c.o
 .debug_loc     0x00008963      0x587 _build/nrf52840_xxaa/nrf_atomic.c.o
 .debug_loc     0x00008eea      0x1c3 _build/nrf52840_xxaa/nrf_balloc.c.o
 .debug_loc     0x000090ad       0x54 _build/nrf52840_xxaa/nrf_fprintf.c.o
 .debug_loc     0x00009101     0x100f _build/nrf52840_xxaa/nrf_fprintf_format.c.o
 .debug_loc     0x0000a110      0xfa8 _build/nrf52840_xxaa/nrf_memobj.c.o
 .debug_loc     0x0000b0b8      0x137 _build/nrf52840_xxaa/nrf_pwr_mgmt.c.o
 .debug_loc     0x0000b1ef      0x6c0 _build/nrf52840_xxaa/nrf_ringbuf.c.o
 .debug_loc     0x0000b8af      0x173 _build/nrf52840_xxaa/nrf_sortlist.c.o
 .debug_loc     0x0000ba22      0x221 _build/nrf52840_xxaa/nrf_strerror.c.o
 .debug_loc     0x0000bc43      0x212 _build/nrf52840_xxaa/system_nrf52840.c.o
 .debug_loc     0x0000be55      0xa5e _build/nrf52840_xxaa/boards.c.o
 .debug_loc     0x0000c8b3      0x5a8 _build/nrf52840_xxaa/nrf_drv_clock.c.o
 .debug_loc     0x0000ce5b      0x1d6 _build/nrf52840_xxaa/nrf_drv_uart.c.o
 .debug_loc     0x0000d031      0x3ba _build/nrf52840_xxaa/nrfx_clock.c.o
 .debug_loc     0x0000d3eb     0x3a1d _build/nrf52840_xxaa/nrfx_gpiote.c.o
 .debug_loc     0x00010e08      0x100 _build/nrf52840_xxaa/nrfx_prs.c.o
 .debug_loc     0x00010f08     0x1f97 _build/nrf52840_xxaa/nrfx_uart.c.o
 .debug_loc     0x00012e9f     0x2058 _build/nrf52840_xxaa/nrfx_uarte.c.o
 .debug_loc     0x00014ef7      0xbc5 _build/nrf52840_xxaa/bsp.c.o
 .debug_loc     0x00015abc      0x391 _build/nrf52840_xxaa/main.c.o
 .debug_loc     0x00015e4d     0x1ca7 _build/nrf52840_xxaa/ble_advdata.c.o
 .debug_loc     0x00017af4      0x631 _build/nrf52840_xxaa/nrf_sdh.c.o
 .debug_loc     0x00018125      0x361 _build/nrf52840_xxaa/nrf_sdh_ble.c.o
 .debug_loc     0x00018486       0xca _build/nrf52840_xxaa/nrf_sdh_soc.c.o

.debug_ranges   0x00000000     0x6020
 .debug_ranges  0x00000000       0x28 _build/nrf52840_xxaa/nrf_log_backend_serial.c.o
 .debug_ranges  0x00000028      0x110 _build/nrf52840_xxaa/nrf_log_backend_uart.c.o
 .debug_ranges  0x00000138       0x10 _build/nrf52840_xxaa/nrf_log_default_backends.c.o
 .debug_ranges  0x00000148      0x990 _build/nrf52840_xxaa/nrf_log_frontend.c.o
 .debug_ranges  0x00000ad8       0xa0 _build/nrf52840_xxaa/nrf_log_str_formatter.c.o
 .debug_ranges  0x00000b78      0x5b8 _build/nrf52840_xxaa/app_button.c.o
 .debug_ranges  0x00001130       0x18 _build/nrf52840_xxaa/app_error.c.o
 .debug_ranges  0x00001148       0x28 _build/nrf52840_xxaa/app_error_weak.c.o
 .debug_ranges  0x00001170      0x330 _build/nrf52840_xxaa/app_timer2.c.o
 .debug_ranges  0x000014a0       0xe8 _build/nrf52840_xxaa/app_util_platform.c.o
 .debug_ranges  0x00001588      0x3b0 _build/nrf52840_xxaa/drv_rtc.c.o
 .debug_ranges  0x00001938      0x1a8 _build/nrf52840_xxaa/nrf_atfifo.c.o
 .debug_ranges  0x00001ae0      0x228 _build/nrf52840_xxaa/nrf_atomic.c.o
 .debug_ranges  0x00001d08       0x70 _build/nrf52840_xxaa/nrf_balloc.c.o
 .debug_ranges  0x00001d78       0x18 _build/nrf52840_xxaa/nrf_fprintf.c.o
 .debug_ranges  0x00001d90      0x3b8 _build/nrf52840_xxaa/nrf_fprintf_format.c.o
 .debug_ranges  0x00002148       0xb8 _build/nrf52840_xxaa/nrf_memobj.c.o
 .debug_ranges  0x00002200      0x138 _build/nrf52840_xxaa/nrf_pwr_mgmt.c.o
 .debug_ranges  0x00002338       0x40 _build/nrf52840_xxaa/nrf_ringbuf.c.o
 .debug_ranges  0x00002378       0x18 _build/nrf52840_xxaa/nrf_section_iter.c.o
 .debug_ranges  0x00002390       0x30 _build/nrf52840_xxaa/nrf_sortlist.c.o
 .debug_ranges  0x000023c0       0xa0 _build/nrf52840_xxaa/nrf_strerror.c.o
 .debug_ranges  0x00002460      0x140 _build/nrf52840_xxaa/system_nrf52840.c.o
 .debug_ranges  0x000025a0      0x638 _build/nrf52840_xxaa/boards.c.o
 .debug_ranges  0x00002bd8      0x3b0 _build/nrf52840_xxaa/nrf_drv_clock.c.o
 .debug_ranges  0x00002f88       0x20 _build/nrf52840_xxaa/nrf_drv_uart.c.o
 .debug_ranges  0x00002fa8      0x2e8 _build/nrf52840_xxaa/nrfx_clock.c.o
 .debug_ranges  0x00003290     0x1300 _build/nrf52840_xxaa/nrfx_gpiote.c.o
 .debug_ranges  0x00004590       0x60 _build/nrf52840_xxaa/nrfx_prs.c.o
 .debug_ranges  0x000045f0      0x618 _build/nrf52840_xxaa/nrfx_uart.c.o
 .debug_ranges  0x00004c08      0x580 _build/nrf52840_xxaa/nrfx_uarte.c.o
 .debug_ranges  0x00005188      0x250 _build/nrf52840_xxaa/bsp.c.o
 .debug_ranges  0x000053d8      0x1e8 _build/nrf52840_xxaa/main.c.o
 .debug_ranges  0x000055c0      0x378 _build/nrf52840_xxaa/ble_advdata.c.o
 .debug_ranges  0x00005938      0x570 _build/nrf52840_xxaa/nrf_sdh.c.o
 .debug_ranges  0x00005ea8      0x108 _build/nrf52840_xxaa/nrf_sdh_ble.c.o
 .debug_ranges  0x00005fb0       0x70 _build/nrf52840_xxaa/nrf_sdh_soc.c.o

.debug_macro    0x00000000     0xe03a
 .debug_macro   0x00000000      0x3b8 _build/nrf52840_xxaa/nrf_log_backend_serial.c.o
 .debug_macro   0x000003b8       0x16 _build/nrf52840_xxaa/nrf_log_backend_serial.c.o
 .debug_macro   0x000003ce       0x22 _build/nrf52840_xxaa/nrf_log_backend_serial.c.o
 .debug_macro   0x000003f0       0x46 _build/nrf52840_xxaa/nrf_log_backend_serial.c.o
 .debug_macro   0x00000436       0x88 _build/nrf52840_xxaa/nrf_log_backend_serial.c.o
 .debug_macro   0x000004be       0x3a _build/nrf52840_xxaa/nrf_log_backend_serial.c.o
 .debug_macro   0x000004f8       0x1c _build/nrf52840_xxaa/nrf_log_backend_serial.c.o
 .debug_macro   0x00000514       0x10 _build/nrf52840_xxaa/nrf_log_backend_serial.c.o
 .debug_macro   0x00000524       0xbe _build/nrf52840_xxaa/nrf_log_backend_serial.c.o
 .debug_macro   0x000005e2       0x16 _build/nrf52840_xxaa/nrf_log_backend_serial.c.o
 .debug_macro   0x000005f8      0x129 _build/nrf52840_xxaa/nrf_log_backend_serial.c.o
 .debug_macro   0x00000721       0x49 _build/nrf52840_xxaa/nrf_log_backend_serial.c.o
 .debug_macro   0x0000076a       0x8c _build/nrf52840_xxaa/nrf_log_backend_serial.c.o
 .debug_macro   0x000007f6       0x31 _build/nrf52840_xxaa/nrf_log_backend_serial.c.o
 .debug_macro   0x00000827       0x55 _build/nrf52840_xxaa/nrf_log_backend_serial.c.o
 .debug_macro   0x0000087c       0x98 _build/nrf52840_xxaa/nrf_log_backend_serial.c.o
 .debug_macro   0x00000914       0x10 _build/nrf52840_xxaa/nrf_log_backend_serial.c.o
 .debug_macro   0x00000924       0x1d _build/nrf52840_xxaa/nrf_log_backend_serial.c.o
 .debug_macro   0x00000941       0x2e _build/nrf52840_xxaa/nrf_log_backend_serial.c.o
 .debug_macro   0x0000096f       0x1c _build/nrf52840_xxaa/nrf_log_backend_serial.c.o
 .debug_macro   0x0000098b      0x185 _build/nrf52840_xxaa/nrf_log_backend_serial.c.o
 .debug_macro   0x00000b10      0x4b4 _build/nrf52840_xxaa/nrf_log_backend_uart.c.o